
> my-app@0.1.0 build
> next build

Ôû▓ Next.js 16.1.6 (Turbopack)
- Environments: .env

node.exe : ÔÜá The "middleware" file convention is deprecated. Please use "proxy" instead. Learn more: https://nextjs.org/docs/messages/middleware-to-proxy
In riga:1 car:1
+ & "C:\Program Files\nodejs/node.exe" "C:\Program Files\nodejs/node_mo ...
+ ~~~~~~~~~~~~~~~~~~~~~~~~~~~~~~~~~~~~~~~~~~~~~~~~~~~~~~~~~~~~~~~~~~~~~
    + CategoryInfo          : NotSpecified: (ÔÜá The "middle...leware-to-proxy:String) [], RemoteException
    + FullyQualifiedErrorId : NativeCommandError
 
  Creating an optimized production build ...
Ô£ô Compiled successfully in 12.4s
  Running TypeScript ...
  Collecting page data using 9 workers ...
  Generating static pages using 9 workers (0/31) ...
  Generating static pages using 9 workers (7/31) 
  Generating static pages using 9 workers (15/31) 
  Generating static pages using 9 workers (23/31) 
Ô£ô Generating static pages using 9 workers (31/31) in 1565.8ms
  Finalizing page optimization ...

Route (app)
Ôöî ãÆ /
Ôö£ Ôùï /_not-found
Ôö£ ãÆ /analisi-qualita
Ôö£ ãÆ /api/google/callback
Ôö£ ãÆ /api/migrate-coins
Ôö£ ãÆ /api/test_conferme
Ôö£ ãÆ /appuntamenti
Ôö£ ãÆ /classifica
Ôö£ ãÆ /conferme
Ôö£ Ôùï /debug/table
Ôö£ ãÆ /debug/table.json
Ôö£ Ôùï /icon.png
Ôö£ ãÆ /import
Ôö£ ãÆ /kpi-gdo
Ôö£ ãÆ /kpi-team
Ôö£ ãÆ /kpi-venditori
Ôö£ Ôùï /login
Ôö£ ãÆ /manager-gdo-performance
Ôö£ ãÆ /manager-rpg-monitor
Ôö£ ãÆ /manager-targets
Ôö£ ãÆ /marketing-analytics
Ôö£ ãÆ /monitor-pause
Ôö£ ãÆ /profilo
Ôö£ ãÆ /richiami
Ôö£ ãÆ /scartati
Ôö£ ãÆ /store
Ôö£ ãÆ /team
Ôö£ ãÆ /team/store
Ôöö ãÆ /venditore


ãÆ Proxy (Middleware)

Ôùï  (Static)   prerendered as static content
ãÆ  (Dynamic)  server-rendered on demand

