scripts/check_pipeline_db.ts(7,34): error TS2339: Property 'length' does not exist on type 'Omit<PgSelectBase<"leads", { id: PgColumn<{ name: "id"; tableName: "leads"; dataType: "string"; columnType: "PgText"; data: string; driverParam: string; notNull: true; hasDefault: false; isPrimaryKey: true; isAutoincrement: false; ... 4 more ...; generated: undefined; }, {}, {}>; ... 31 more ...; updatedAt: PgColumn...'.
scripts/check_pipeline_db.ts(8,21): error TS2488: Type 'Omit<PgSelectBase<"leads", { id: PgColumn<{ name: "id"; tableName: "leads"; dataType: "string"; columnType: "PgText"; data: string; driverParam: string; notNull: true; hasDefault: false; isPrimaryKey: true; isAutoincrement: false; ... 4 more ...; generated: undefined; }, {}, {}>; ... 31 more ...; updatedAt: PgColumn...' must have a '[Symbol.iterator]()' method that returns an iterator.
scripts/check_pipeline_db.ts(13,40): error TS2339: Property 'length' does not exist on type 'Omit<PgSelectBase<"leads", { id: PgColumn<{ name: "id"; tableName: "leads"; dataType: "string"; columnType: "PgText"; data: string; driverParam: string; notNull: true; hasDefault: false; isPrimaryKey: true; isAutoincrement: false; ... 4 more ...; generated: undefined; }, {}, {}>; ... 31 more ...; updatedAt: PgColumn...'.
scripts/check_pipeline_db.ts(14,21): error TS2488: Type 'Omit<PgSelectBase<"leads", { id: PgColumn<{ name: "id"; tableName: "leads"; dataType: "string"; columnType: "PgText"; data: string; driverParam: string; notNull: true; hasDefault: false; isPrimaryKey: true; isAutoincrement: false; ... 4 more ...; generated: undefined; }, {}, {}>; ... 31 more ...; updatedAt: PgColumn...' must have a '[Symbol.iterator]()' method that returns an iterator.
scripts/debug_conferme.ts(8,27): error TS7053: Element implicitly has an 'any' type because expression of type '0' can't be used to index type 'Omit<PgSelectBase<"leads", { id: PgColumn<{ name: "id"; tableName: "leads"; dataType: "string"; columnType: "PgText"; data: string; driverParam: string; notNull: true; hasDefault: false; isPrimaryKey: true; isAutoincrement: false; ... 4 more ...; generated: undefined; }, {}, {}>; ... 31 more ...; updatedAt: PgColumn...'.
  Property '0' does not exist on type 'Omit<PgSelectBase<"leads", { id: PgColumn<{ name: "id"; tableName: "leads"; dataType: "string"; columnType: "PgText"; data: string; driverParam: string; notNull: true; hasDefault: false; isPrimaryKey: true; isAutoincrement: false; ... 4 more ...; generated: undefined; }, {}, {}>; ... 31 more ...; updatedAt: PgColumn...'.
scripts/debug_conferme.ts(18,24): error TS7053: Element implicitly has an 'any' type because expression of type '0' can't be used to index type 'Omit<PgSelectBase<"users", { id: PgColumn<{ name: "id"; tableName: "users"; dataType: "string"; columnType: "PgText"; data: string; driverParam: string; notNull: true; hasDefault: false; isPrimaryKey: true; isAutoincrement: false; ... 4 more ...; generated: undefined; }, {}, {}>; ... 12 more ...; createdAt: PgColumn...'.
  Property '0' does not exist on type 'Omit<PgSelectBase<"users", { id: PgColumn<{ name: "id"; tableName: "users"; dataType: "string"; columnType: "PgText"; data: string; driverParam: string; notNull: true; hasDefault: false; isPrimaryKey: true; isAutoincrement: false; ... 4 more ...; generated: undefined; }, {}, {}>; ... 12 more ...; createdAt: PgColumn...'.
scripts/debug_conferme.ts(18,100): error TS7053: Element implicitly has an 'any' type because expression of type '0' can't be used to index type 'PgSelectBase<"users", { id: PgColumn<{ name: "id"; tableName: "users"; dataType: "string"; columnType: "PgText"; data: string; driverParam: string; notNull: true; hasDefault: false; isPrimaryKey: true; isAutoincrement: false; ... 4 more ...; generated: undefined; }, {}, {}>; ... 12 more ...; createdAt: PgColumn<...>...'.
  Property '0' does not exist on type 'PgSelectBase<"users", { id: PgColumn<{ name: "id"; tableName: "users"; dataType: "string"; columnType: "PgText"; data: string; driverParam: string; notNull: true; hasDefault: false; isPrimaryKey: true; isAutoincrement: false; ... 4 more ...; generated: undefined; }, {}, {}>; ... 12 more ...; createdAt: PgColumn<...>...'.
scripts/deleteTestLeads.ts(14,39): error TS2339: Property 'changes' does not exist on type 'QueryResult<never>'.
scripts/giveCoins.ts(10,18): error TS7053: Element implicitly has an 'any' type because expression of type '0' can't be used to index type 'Omit<PgSelectBase<"users", { id: PgColumn<{ name: "id"; tableName: "users"; dataType: "string"; columnType: "PgText"; data: string; driverParam: string; notNull: true; hasDefault: false; isPrimaryKey: true; isAutoincrement: false; ... 4 more ...; generated: undefined; }, {}, {}>; ... 12 more ...; createdAt: PgColumn...'.
  Property '0' does not exist on type 'Omit<PgSelectBase<"users", { id: PgColumn<{ name: "id"; tableName: "users"; dataType: "string"; columnType: "PgText"; data: string; driverParam: string; notNull: true; hasDefault: false; isPrimaryKey: true; isAutoincrement: false; ... 4 more ...; generated: undefined; }, {}, {}>; ... 12 more ...; createdAt: PgColumn...'.
scripts/listUsers.ts(6,22): error TS7053: Element implicitly has an 'any' type because expression of type '0' can't be used to index type 'Omit<PgSelectBase<"users", { id: PgColumn<{ name: "id"; tableName: "users"; dataType: "string"; columnType: "PgText"; data: string; driverParam: string; notNull: true; hasDefault: false; isPrimaryKey: true; isAutoincrement: false; ... 4 more ...; generated: undefined; }, {}, {}>; ... 12 more ...; createdAt: PgColumn...'.
  Property '0' does not exist on type 'Omit<PgSelectBase<"users", { id: PgColumn<{ name: "id"; tableName: "users"; dataType: "string"; columnType: "PgText"; data: string; driverParam: string; notNull: true; hasDefault: false; isPrimaryKey: true; isAutoincrement: false; ... 4 more ...; generated: undefined; }, {}, {}>; ... 12 more ...; createdAt: PgColumn...'.
scripts/listUsers.ts(9,41): error TS2339: Property 'length' does not exist on type 'Omit<PgSelectBase<"users", { id: PgColumn<{ name: "id"; tableName: "users"; dataType: "string"; columnType: "PgText"; data: string; driverParam: string; notNull: true; hasDefault: false; isPrimaryKey: true; isAutoincrement: false; ... 4 more ...; generated: undefined; }, {}, {}>; ... 12 more ...; createdAt: PgColumn...'.
scripts/listUsers.ts(10,21): error TS2488: Type 'Omit<PgSelectBase<"users", { id: PgColumn<{ name: "id"; tableName: "users"; dataType: "string"; columnType: "PgText"; data: string; driverParam: string; notNull: true; hasDefault: false; isPrimaryKey: true; isAutoincrement: false; ... 4 more ...; generated: undefined; }, {}, {}>; ... 12 more ...; createdAt: PgColumn...' must have a '[Symbol.iterator]()' method that returns an iterator.
scripts/resetPasswords.ts(12,62): error TS2339: Property 'changes' does not exist on type 'Omit<PgUpdateBase<PgTableWithColumns<{ name: "users"; schema: undefined; columns: { id: PgColumn<{ name: "id"; tableName: "users"; dataType: "string"; columnType: "PgText"; data: string; driverParam: string; notNull: true; hasDefault: false; ... 6 more ...; generated: undefined; }, {}, {}>; ... 12 more ...; createdA...'.
scripts/seed.ts(12,24): error TS7053: Element implicitly has an 'any' type because expression of type '0' can't be used to index type 'Omit<PgSelectBase<"users", { id: PgColumn<{ name: "id"; tableName: "users"; dataType: "string"; columnType: "PgText"; data: string; driverParam: string; notNull: true; hasDefault: false; isPrimaryKey: true; isAutoincrement: false; ... 4 more ...; generated: undefined; }, {}, {}>; ... 12 more ...; createdAt: PgColumn...'.
  Property '0' does not exist on type 'Omit<PgSelectBase<"users", { id: PgColumn<{ name: "id"; tableName: "users"; dataType: "string"; columnType: "PgText"; data: string; driverParam: string; notNull: true; hasDefault: false; isPrimaryKey: true; isAutoincrement: false; ... 4 more ...; generated: undefined; }, {}, {}>; ... 12 more ...; createdAt: PgColumn...'.
scripts/seed.ts(25,22): error TS7053: Element implicitly has an 'any' type because expression of type '0' can't be used to index type 'Omit<PgSelectBase<"users", { id: PgColumn<{ name: "id"; tableName: "users"; dataType: "string"; columnType: "PgText"; data: string; driverParam: string; notNull: true; hasDefault: false; isPrimaryKey: true; isAutoincrement: false; ... 4 more ...; generated: undefined; }, {}, {}>; ... 12 more ...; createdAt: PgColumn...'.
  Property '0' does not exist on type 'Omit<PgSelectBase<"users", { id: PgColumn<{ name: "id"; tableName: "users"; dataType: "string"; columnType: "PgText"; data: string; driverParam: string; notNull: true; hasDefault: false; isPrimaryKey: true; isAutoincrement: false; ... 4 more ...; generated: undefined; }, {}, {}>; ... 12 more ...; createdAt: PgColumn...'.
scripts/seed_gdo113.ts(7,20): error TS7053: Element implicitly has an 'any' type because expression of type '0' can't be used to index type 'Omit<PgSelectBase<"users", { id: PgColumn<{ name: "id"; tableName: "users"; dataType: "string"; columnType: "PgText"; data: string; driverParam: string; notNull: true; hasDefault: false; isPrimaryKey: true; isAutoincrement: false; ... 4 more ...; generated: undefined; }, {}, {}>; ... 12 more ...; createdAt: PgColumn...'.
  Property '0' does not exist on type 'Omit<PgSelectBase<"users", { id: PgColumn<{ name: "id"; tableName: "users"; dataType: "string"; columnType: "PgText"; data: string; driverParam: string; notNull: true; hasDefault: false; isPrimaryKey: true; isAutoincrement: false; ... 4 more ...; generated: undefined; }, {}, {}>; ... 12 more ...; createdAt: PgColumn...'.
scripts/test_conferme_flow.ts(7,1): error TS2304: Cannot find name 'jest'.
scripts/test_conferme_flow.ts(8,23): error TS2304: Cannot find name 'jest'.
scripts/test_conferme_flow.ts(14,10): error TS2339: Property 'filter' does not exist on type 'Omit<PgSelectBase<"leads", { id: PgColumn<{ name: "id"; tableName: "leads"; dataType: "string"; columnType: "PgText"; data: string; driverParam: string; notNull: true; hasDefault: false; isPrimaryKey: true; isAutoincrement: false; ... 4 more ...; generated: undefined; }, {}, {}>; ... 31 more ...; updatedAt: PgColumn...'.
scripts/test_conferme_flow.ts(14,17): error TS7006: Parameter 'l' implicitly has an 'any' type.
scripts/test_importFlow.ts(33,43): error TS2339: Property 'length' does not exist on type 'Omit<PgSelectBase<"leads", { id: PgColumn<{ name: "id"; tableName: "leads"; dataType: "string"; columnType: "PgText"; data: string; driverParam: string; notNull: true; hasDefault: false; isPrimaryKey: true; isAutoincrement: false; ... 4 more ...; generated: undefined; }, {}, {}>; ... 31 more ...; updatedAt: PgColumn...'.
scripts/test_importFlow.ts(34,21): error TS2488: Type 'Omit<PgSelectBase<"leads", { id: PgColumn<{ name: "id"; tableName: "leads"; dataType: "string"; columnType: "PgText"; data: string; driverParam: string; notNull: true; hasDefault: false; isPrimaryKey: true; isAutoincrement: false; ... 4 more ...; generated: undefined; }, {}, {}>; ... 31 more ...; updatedAt: PgColumn...' must have a '[Symbol.iterator]()' method that returns an iterator.
scripts/testQa.ts(9,1): error TS2304: Cannot find name 'jest'.
scripts/testQa.ts(10,23): error TS2304: Cannot find name 'jest'.
scripts/testTeamGoal.ts(42,17): error TS7053: Element implicitly has an 'any' type because expression of type '0' can't be used to index type 'Omit<PgSelectBase<"users", { id: PgColumn<{ name: "id"; tableName: "users"; dataType: "string"; columnType: "PgText"; data: string; driverParam: string; notNull: true; hasDefault: false; isPrimaryKey: true; isAutoincrement: false; ... 4 more ...; generated: undefined; }, {}, {}>; ... 12 more ...; createdAt: PgColumn...'.
  Property '0' does not exist on type 'Omit<PgSelectBase<"users", { id: PgColumn<{ name: "id"; tableName: "users"; dataType: "string"; columnType: "PgText"; data: string; driverParam: string; notNull: true; hasDefault: false; isPrimaryKey: true; isAutoincrement: false; ... 4 more ...; generated: undefined; }, {}, {}>; ... 12 more ...; createdAt: PgColumn...'.
scripts/testTeamGoal.ts(63,23): error TS7053: Element implicitly has an 'any' type because expression of type '0' can't be used to index type 'Omit<PgSelectBase<"teamGoals", { id: PgColumn<{ name: "id"; tableName: "teamGoals"; dataType: "string"; columnType: "PgText"; data: string; driverParam: string; notNull: true; hasDefault: false; isPrimaryKey: true; ... 5 more ...; generated: undefined; }, {}, {}>; ... 7 more ...; createdAt: PgColumn<...>; }, ... 5 m...'.
  Property '0' does not exist on type 'Omit<PgSelectBase<"teamGoals", { id: PgColumn<{ name: "id"; tableName: "teamGoals"; dataType: "string"; columnType: "PgText"; data: string; driverParam: string; notNull: true; hasDefault: false; isPrimaryKey: true; ... 5 more ...; generated: undefined; }, {}, {}>; ... 7 more ...; createdAt: PgColumn<...>; }, ... 5 m...'.
scripts/testTeamGoal.ts(64,24): error TS7053: Element implicitly has an 'any' type because expression of type '0' can't be used to index type 'Omit<PgSelectBase<"teamGoals", { id: PgColumn<{ name: "id"; tableName: "teamGoals"; dataType: "string"; columnType: "PgText"; data: string; driverParam: string; notNull: true; hasDefault: false; isPrimaryKey: true; ... 5 more ...; generated: undefined; }, {}, {}>; ... 7 more ...; createdAt: PgColumn<...>; }, ... 5 m...'.
  Property '0' does not exist on type 'Omit<PgSelectBase<"teamGoals", { id: PgColumn<{ name: "id"; tableName: "teamGoals"; dataType: "string"; columnType: "PgText"; data: string; driverParam: string; notNull: true; hasDefault: false; isPrimaryKey: true; ... 5 more ...; generated: undefined; }, {}, {}>; ... 7 more ...; createdAt: PgColumn<...>; }, ... 5 m...'.
scripts/testTeamGoal.ts(84,19): error TS7053: Element implicitly has an 'any' type because expression of type '0' can't be used to index type 'Omit<PgSelectBase<"teamGoals", { id: PgColumn<{ name: "id"; tableName: "teamGoals"; dataType: "string"; columnType: "PgText"; data: string; driverParam: string; notNull: true; hasDefault: false; isPrimaryKey: true; ... 5 more ...; generated: undefined; }, {}, {}>; ... 7 more ...; createdAt: PgColumn<...>; }, ... 5 m...'.
  Property '0' does not exist on type 'Omit<PgSelectBase<"teamGoals", { id: PgColumn<{ name: "id"; tableName: "teamGoals"; dataType: "string"; columnType: "PgText"; data: string; driverParam: string; notNull: true; hasDefault: false; isPrimaryKey: true; ... 5 more ...; generated: undefined; }, {}, {}>; ... 7 more ...; createdAt: PgColumn<...>; }, ... 5 m...'.
scripts/testTeamGoal.ts(85,20): error TS7053: Element implicitly has an 'any' type because expression of type '0' can't be used to index type 'Omit<PgSelectBase<"teamGoals", { id: PgColumn<{ name: "id"; tableName: "teamGoals"; dataType: "string"; columnType: "PgText"; data: string; driverParam: string; notNull: true; hasDefault: false; isPrimaryKey: true; ... 5 more ...; generated: undefined; }, {}, {}>; ... 7 more ...; createdAt: PgColumn<...>; }, ... 5 m...'.
  Property '0' does not exist on type 'Omit<PgSelectBase<"teamGoals", { id: PgColumn<{ name: "id"; tableName: "teamGoals"; dataType: "string"; columnType: "PgText"; data: string; driverParam: string; notNull: true; hasDefault: false; isPrimaryKey: true; ... 5 more ...; generated: undefined; }, {}, {}>; ... 7 more ...; createdAt: PgColumn<...>; }, ... 5 m...'.
scripts/testTeamGoal.ts(90,22): error TS7053: Element implicitly has an 'any' type because expression of type '0' can't be used to index type 'Omit<PgSelectBase<"users", { id: PgColumn<{ name: "id"; tableName: "users"; dataType: "string"; columnType: "PgText"; data: string; driverParam: string; notNull: true; hasDefault: false; isPrimaryKey: true; isAutoincrement: false; ... 4 more ...; generated: undefined; }, {}, {}>; ... 12 more ...; createdAt: PgColumn...'.
  Property '0' does not exist on type 'Omit<PgSelectBase<"users", { id: PgColumn<{ name: "id"; tableName: "users"; dataType: "string"; columnType: "PgText"; data: string; driverParam: string; notNull: true; hasDefault: false; isPrimaryKey: true; isAutoincrement: false; ... 4 more ...; generated: undefined; }, {}, {}>; ... 12 more ...; createdAt: PgColumn...'.
seed_avatars.ts(38,10): error TS2339: Property 'run' does not exist on type 'Omit<PgUpdateBase<PgTableWithColumns<{ name: "shopItems"; schema: undefined; columns: { id: PgColumn<{ name: "id"; tableName: "shopItems"; dataType: "string"; columnType: "PgText"; data: string; driverParam: string; notNull: true; hasDefault: false; ... 6 more ...; generated: undefined; }, {}, {}>; ... 5 more ...; c...'.
seed_avatars.ts(51,12): error TS2339: Property 'run' does not exist on type 'PgInsertBase<PgTableWithColumns<{ name: "shopItems"; schema: undefined; columns: { id: PgColumn<{ name: "id"; tableName: "shopItems"; dataType: "string"; columnType: "PgText"; data: string; driverParam: string; notNull: true; hasDefault: false; ... 6 more ...; generated: undefined; }, {}, {}>; ... 5 more ...; create...'.
src/app/actions/appointmentActions.ts(31,38): error TS2339: Property 'filter' does not exist on type 'Omit<PgSelectBase<"leads", { id: PgColumn<{ name: "id"; tableName: "leads"; dataType: "string"; columnType: "PgText"; data: string; driverParam: string; notNull: true; hasDefault: false; isPrimaryKey: true; isAutoincrement: false; ... 4 more ...; generated: undefined; }, {}, {}>; ... 31 more ...; updatedAt: PgColumn...'.
src/app/actions/appointmentActions.ts(31,45): error TS7006: Parameter 'l' implicitly has an 'any' type.
src/app/actions/appointmentActions.ts(32,34): error TS2339: Property 'filter' does not exist on type 'Omit<PgSelectBase<"leads", { id: PgColumn<{ name: "id"; tableName: "leads"; dataType: "string"; columnType: "PgText"; data: string; driverParam: string; notNull: true; hasDefault: false; isPrimaryKey: true; isAutoincrement: false; ... 4 more ...; generated: undefined; }, {}, {}>; ... 31 more ...; updatedAt: PgColumn...'.
src/app/actions/appointmentActions.ts(32,41): error TS7006: Parameter 'l' implicitly has an 'any' type.
src/app/actions/appointmentActions.ts(35,20): error TS7006: Parameter 'a' implicitly has an 'any' type.
src/app/actions/appointmentActions.ts(35,23): error TS7006: Parameter 'b' implicitly has an 'any' type.
src/app/actions/appointmentActions.ts(41,16): error TS7006: Parameter 'a' implicitly has an 'any' type.
src/app/actions/appointmentActions.ts(41,19): error TS7006: Parameter 'b' implicitly has an 'any' type.
src/app/actions/discardedActions.ts(26,23): error TS2339: Property 'length' does not exist on type 'Omit<PgSelectBase<"leads", { id: PgColumn<{ name: "id"; tableName: "leads"; dataType: "string"; columnType: "PgText"; data: string; driverParam: string; notNull: true; hasDefault: false; isPrimaryKey: true; isAutoincrement: false; ... 4 more ...; generated: undefined; }, {}, {}>; ... 31 more ...; updatedAt: PgColumn...'.
src/app/actions/discardedActions.ts(28,43): error TS2339: Property 'map' does not exist on type 'Omit<PgSelectBase<"leads", { id: PgColumn<{ name: "id"; tableName: "leads"; dataType: "string"; columnType: "PgText"; data: string; driverParam: string; notNull: true; hasDefault: false; isPrimaryKey: true; isAutoincrement: false; ... 4 more ...; generated: undefined; }, {}, {}>; ... 31 more ...; updatedAt: PgColumn...'.
src/app/actions/discardedActions.ts(28,47): error TS7006: Parameter 'l' implicitly has an 'any' type.
src/app/actions/discardedActions.ts(40,38): error TS2339: Property 'map' does not exist on type 'PgSelectBase<"users", { id: PgColumn<{ name: "id"; tableName: "users"; dataType: "string"; columnType: "PgText"; data: string; driverParam: string; notNull: true; hasDefault: false; isPrimaryKey: true; isAutoincrement: false; ... 4 more ...; generated: undefined; }, {}, {}>; ... 12 more ...; createdAt: PgColumn<...>...'.
src/app/actions/discardedActions.ts(40,42): error TS7006: Parameter 'u' implicitly has an 'any' type.
src/app/actions/discardedActions.ts(43,59): error TS2339: Property 'map' does not exist on type 'Omit<PgSelectBase<"leads", { id: PgColumn<{ name: "id"; tableName: "leads"; dataType: "string"; columnType: "PgText"; data: string; driverParam: string; notNull: true; hasDefault: false; isPrimaryKey: true; isAutoincrement: false; ... 4 more ...; generated: undefined; }, {}, {}>; ... 31 more ...; updatedAt: PgColumn...'.
src/app/actions/discardedActions.ts(43,63): error TS7006: Parameter 'lead' implicitly has an 'any' type.
src/app/actions/discardedActions.ts(45,31): error TS2339: Property 'filter' does not exist on type 'Omit<PgSelectBase<"callLogs", { id: PgColumn<{ name: "id"; tableName: "callLogs"; dataType: "string"; columnType: "PgText"; data: string; driverParam: string; notNull: true; hasDefault: false; isPrimaryKey: true; isAutoincrement: false; ... 4 more ...; generated: undefined; }, {}, {}>; ... 5 more ...; createdAt: PgC...'.
src/app/actions/discardedActions.ts(45,38): error TS7006: Parameter 'l' implicitly has an 'any' type.
src/app/actions/discardedActions.ts(45,71): error TS7006: Parameter 'a' implicitly has an 'any' type.
src/app/actions/discardedActions.ts(45,74): error TS7006: Parameter 'b' implicitly has an 'any' type.
src/app/actions/eventActions.ts(8,18): error TS7053: Element implicitly has an 'any' type because expression of type '0' can't be used to index type 'Omit<PgSelectBase<"leads", { id: PgColumn<{ name: "id"; tableName: "leads"; dataType: "string"; columnType: "PgText"; data: string; driverParam: string; notNull: true; hasDefault: false; isPrimaryKey: true; isAutoincrement: false; ... 4 more ...; generated: undefined; }, {}, {}>; ... 16 more ...; updatedAt: PgColumn...'.
  Property '0' does not exist on type 'Omit<PgSelectBase<"leads", { id: PgColumn<{ name: "id"; tableName: "leads"; dataType: "string"; columnType: "PgText"; data: string; driverParam: string; notNull: true; hasDefault: false; isPrimaryKey: true; isAutoincrement: false; ... 4 more ...; generated: undefined; }, {}, {}>; ... 16 more ...; updatedAt: PgColumn...'.
src/app/actions/eventActions.ts(53,24): error TS2339: Property 'map' does not exist on type 'Omit<PgSelectBase<"leadEvents", { id: PgColumn<{ name: "id"; tableName: "leadEvents"; dataType: "string"; columnType: "PgText"; data: string; driverParam: string; notNull: true; hasDefault: false; isPrimaryKey: true; ... 5 more ...; generated: undefined; }, {}, {}>; ... 6 more ...; timestamp: PgColumn<...>; }, ... 5...'.
src/app/actions/eventActions.ts(53,28): error TS7006: Parameter 'e' implicitly has an 'any' type.
src/app/actions/importLeads.ts(16,16): error TS7053: Element implicitly has an 'any' type because expression of type '0' can't be used to index type 'Omit<PgSelectBase<"assignmentSettings", { id: PgColumn<{ name: "id"; tableName: "assignmentSettings"; dataType: "string"; columnType: "PgText"; data: string; driverParam: string; notNull: true; hasDefault: false; ... 6 more ...; generated: undefined; }, {}, {}>; mode: PgColumn<...>; settings: PgColumn<...>; updatedA...'.
  Property '0' does not exist on type 'Omit<PgSelectBase<"assignmentSettings", { id: PgColumn<{ name: "id"; tableName: "assignmentSettings"; dataType: "string"; columnType: "PgText"; data: string; driverParam: string; notNull: true; hasDefault: false; ... 6 more ...; generated: undefined; }, {}, {}>; mode: PgColumn<...>; settings: PgColumn<...>; updatedA...'.
src/app/actions/importLeads.ts(37,10): error TS2339: Property 'filter' does not exist on type 'Omit<PgSelectBase<"users", { id: PgColumn<{ name: "id"; tableName: "users"; dataType: "string"; columnType: "PgText"; data: string; driverParam: string; notNull: true; hasDefault: false; isPrimaryKey: true; isAutoincrement: false; ... 4 more ...; generated: undefined; }, {}, {}>; name: PgColumn<...>; displayName: Pg...'.
src/app/actions/importLeads.ts(44,16): error TS7053: Element implicitly has an 'any' type because expression of type '0' can't be used to index type 'Omit<PgSelectBase<"assignmentSettings", { id: PgColumn<{ name: "id"; tableName: "assignmentSettings"; dataType: "string"; columnType: "PgText"; data: string; driverParam: string; notNull: true; hasDefault: false; ... 6 more ...; generated: undefined; }, {}, {}>; mode: PgColumn<...>; settings: PgColumn<...>; updatedA...'.
  Property '0' does not exist on type 'Omit<PgSelectBase<"assignmentSettings", { id: PgColumn<{ name: "id"; tableName: "assignmentSettings"; dataType: "string"; columnType: "PgText"; data: string; driverParam: string; notNull: true; hasDefault: false; ... 6 more ...; generated: undefined; }, {}, {}>; mode: PgColumn<...>; settings: PgColumn<...>; updatedA...'.
src/app/actions/importLeads.ts(98,10): error TS2339: Property 'filter' does not exist on type 'Omit<PgSelectBase<"users", { id: PgColumn<{ name: "id"; tableName: "users"; dataType: "string"; columnType: "PgText"; data: string; driverParam: string; notNull: true; hasDefault: false; isPrimaryKey: true; isAutoincrement: false; ... 4 more ...; generated: undefined; }, {}, {}>; ... 12 more ...; createdAt: PgColumn...'.
src/app/actions/importLeads.ts(176,34): error TS7053: Element implicitly has an 'any' type because expression of type '0' can't be used to index type 'Omit<PgSelectBase<"leads", { id: PgColumn<{ name: "id"; tableName: "leads"; dataType: "string"; columnType: "PgText"; data: string; driverParam: string; notNull: true; hasDefault: false; isPrimaryKey: true; isAutoincrement: false; ... 4 more ...; generated: undefined; }, {}, {}>; ... 31 more ...; updatedAt: PgColumn...'.
  Property '0' does not exist on type 'Omit<PgSelectBase<"leads", { id: PgColumn<{ name: "id"; tableName: "leads"; dataType: "string"; columnType: "PgText"; data: string; driverParam: string; notNull: true; hasDefault: false; isPrimaryKey: true; isAutoincrement: false; ... 4 more ...; generated: undefined; }, {}, {}>; ... 31 more ...; updatedAt: PgColumn...'.
src/app/actions/kpiActions.ts(49,29): error TS2339: Property 'length' does not exist on type 'Omit<PgSelectBase<"callLogs", { id: PgColumn<{ name: "id"; tableName: "callLogs"; dataType: "string"; columnType: "PgText"; data: string; driverParam: string; notNull: true; hasDefault: false; isPrimaryKey: true; isAutoincrement: false; ... 4 more ...; generated: undefined; }, {}, {}>; ... 5 more ...; createdAt: PgC...'.
src/app/actions/kpiActions.ts(53,26): error TS2339: Property 'filter' does not exist on type 'Omit<PgSelectBase<"callLogs", { id: PgColumn<{ name: "id"; tableName: "callLogs"; dataType: "string"; columnType: "PgText"; data: string; driverParam: string; notNull: true; hasDefault: false; isPrimaryKey: true; isAutoincrement: false; ... 4 more ...; generated: undefined; }, {}, {}>; ... 5 more ...; createdAt: PgC...'.
src/app/actions/kpiActions.ts(53,33): error TS7006: Parameter 'l' implicitly has an 'any' type.
src/app/actions/kpiActions.ts(56,31): error TS2339: Property 'filter' does not exist on type 'Omit<PgSelectBase<"callLogs", { id: PgColumn<{ name: "id"; tableName: "callLogs"; dataType: "string"; columnType: "PgText"; data: string; driverParam: string; notNull: true; hasDefault: false; isPrimaryKey: true; isAutoincrement: false; ... 4 more ...; generated: undefined; }, {}, {}>; ... 5 more ...; createdAt: PgC...'.
src/app/actions/kpiActions.ts(56,38): error TS7006: Parameter 'l' implicitly has an 'any' type.
src/app/actions/kpiActions.ts(57,27): error TS2339: Property 'filter' does not exist on type 'Omit<PgSelectBase<"callLogs", { id: PgColumn<{ name: "id"; tableName: "callLogs"; dataType: "string"; columnType: "PgText"; data: string; driverParam: string; notNull: true; hasDefault: false; isPrimaryKey: true; isAutoincrement: false; ... 4 more ...; generated: undefined; }, {}, {}>; ... 5 more ...; createdAt: PgC...'.
src/app/actions/kpiActions.ts(57,34): error TS7006: Parameter 'l' implicitly has an 'any' type.
src/app/actions/kpiActions.ts(65,14): error TS2339: Property 'length' does not exist on type 'Omit<PgSelectBase<"callLogs", { id: PgColumn<{ name: "id"; tableName: "callLogs"; dataType: "string"; columnType: "PgText"; data: string; driverParam: string; notNull: true; hasDefault: false; isPrimaryKey: true; isAutoincrement: false; ... 4 more ...; generated: undefined; }, {}, {}>; ... 5 more ...; createdAt: PgC...'.
src/app/actions/kpiActions.ts(66,31): error TS7053: Element implicitly has an 'any' type because expression of type '0' can't be used to index type 'Omit<PgSelectBase<"callLogs", { id: PgColumn<{ name: "id"; tableName: "callLogs"; dataType: "string"; columnType: "PgText"; data: string; driverParam: string; notNull: true; hasDefault: false; isPrimaryKey: true; isAutoincrement: false; ... 4 more ...; generated: undefined; }, {}, {}>; ... 5 more ...; createdAt: PgC...'.
  Property '0' does not exist on type 'Omit<PgSelectBase<"callLogs", { id: PgColumn<{ name: "id"; tableName: "callLogs"; dataType: "string"; columnType: "PgText"; data: string; driverParam: string; notNull: true; hasDefault: false; isPrimaryKey: true; isAutoincrement: false; ... 4 more ...; generated: undefined; }, {}, {}>; ... 5 more ...; createdAt: PgC...'.
src/app/actions/kpiActions.ts(67,30): error TS7053: Element implicitly has an 'any' type because expression of type 'number' can't be used to index type 'Omit<PgSelectBase<"callLogs", { id: PgColumn<{ name: "id"; tableName: "callLogs"; dataType: "string"; columnType: "PgText"; data: string; driverParam: string; notNull: true; hasDefault: false; isPrimaryKey: true; isAutoincrement: false; ... 4 more ...; generated: undefined; }, {}, {}>; ... 5 more ...; createdAt: PgC...'.
  No index signature with a parameter of type 'number' was found on type 'Omit<PgSelectBase<"callLogs", { id: PgColumn<{ name: "id"; tableName: "callLogs"; dataType: "string"; columnType: "PgText"; data: string; driverParam: string; notNull: true; hasDefault: false; isPrimaryKey: true; isAutoincrement: false; ... 4 more ...; generated: undefined; }, {}, {}>; ... 5 more ...; createdAt: PgC...'.
src/app/actions/kpiActions.ts(67,40): error TS2339: Property 'length' does not exist on type 'Omit<PgSelectBase<"callLogs", { id: PgColumn<{ name: "id"; tableName: "callLogs"; dataType: "string"; columnType: "PgText"; data: string; driverParam: string; notNull: true; hasDefault: false; isPrimaryKey: true; isAutoincrement: false; ... 4 more ...; generated: undefined; }, {}, {}>; ... 5 more ...; createdAt: PgC...'.
src/app/actions/kpiActions.ts(74,21): error TS2339: Property 'length' does not exist on type 'Omit<PgSelectBase<"callLogs", { id: PgColumn<{ name: "id"; tableName: "callLogs"; dataType: "string"; columnType: "PgText"; data: string; driverParam: string; notNull: true; hasDefault: false; isPrimaryKey: true; isAutoincrement: false; ... 4 more ...; generated: undefined; }, {}, {}>; ... 5 more ...; createdAt: PgC...'.
src/app/actions/kpiAdvancedActions.ts(53,43): error TS2339: Property 'map' does not exist on type 'Omit<PgSelectBase<"leads", { id: PgColumn<{ name: "id"; tableName: "leads"; dataType: "string"; columnType: "PgText"; data: string; driverParam: string; notNull: true; hasDefault: false; isPrimaryKey: true; isAutoincrement: false; ... 4 more ...; generated: undefined; }, {}, {}>; ... 7 more ...; appointmentDate: PgC...'.
src/app/actions/kpiAdvancedActions.ts(53,47): error TS7006: Parameter 'l' implicitly has an 'any' type.
src/app/actions/kpiAdvancedActions.ts(54,31): error TS2339: Property 'filter' does not exist on type 'Omit<PgSelectBase<"callLogs", { id: PgColumn<{ name: "id"; tableName: "callLogs"; dataType: "string"; columnType: "PgText"; data: string; driverParam: string; notNull: true; hasDefault: false; isPrimaryKey: true; isAutoincrement: false; ... 4 more ...; generated: undefined; }, {}, {}>; ... 5 more ...; createdAt: PgC...'.
src/app/actions/kpiAdvancedActions.ts(54,38): error TS7006: Parameter 'log' implicitly has an 'any' type.
src/app/actions/kpiAdvancedActions.ts(57,51): error TS7006: Parameter 'l' implicitly has an 'any' type.
src/app/actions/kpiAdvancedActions.ts(60,43): error TS7006: Parameter 'l' implicitly has an 'any' type.
src/app/actions/kpiAdvancedActions.ts(61,54): error TS7006: Parameter 'l' implicitly has an 'any' type.
src/app/actions/kpiAdvancedActions.ts(64,46): error TS7006: Parameter 'l' implicitly has an 'any' type.
src/app/actions/kpiAdvancedActions.ts(65,60): error TS7006: Parameter 'l' implicitly has an 'any' type.
src/app/actions/kpiAdvancedActions.ts(69,42): error TS7006: Parameter 'l' implicitly has an 'any' type.
src/app/actions/kpiAdvancedActions.ts(71,25): error TS7006: Parameter 'log' implicitly has an 'any' type.
src/app/actions/kpiAdvancedActions.ts(83,47): error TS7006: Parameter 'l' implicitly has an 'any' type.
src/app/actions/kpiAdvancedActions.ts(87,41): error TS7006: Parameter 'l' implicitly has an 'any' type.
src/app/actions/kpiAdvancedActions.ts(89,24): error TS7006: Parameter 'recall' implicitly has an 'any' type.
src/app/actions/kpiAdvancedActions.ts(91,45): error TS7006: Parameter 'l' implicitly has an 'any' type.
src/app/actions/kpiAdvancedActions.ts(100,38): error TS2339: Property 'map' does not exist on type 'PgSelectBase<"users", { id: PgColumn<{ name: "id"; tableName: "users"; dataType: "string"; columnType: "PgText"; data: string; driverParam: string; notNull: true; hasDefault: false; isPrimaryKey: true; isAutoincrement: false; ... 4 more ...; generated: undefined; }, {}, {}>; ... 12 more ...; createdAt: PgColumn<...>...'.
src/app/actions/kpiAdvancedActions.ts(100,42): error TS7006: Parameter 'u' implicitly has an 'any' type.
src/app/actions/kpiAdvancedActions.ts(102,23): error TS7006: Parameter 'log' implicitly has an 'any' type.
src/app/actions/kpiAdvancedActions.ts(131,52): error TS2339: Property 'map' does not exist on type 'Omit<PgSelectBase<"leads", { id: PgColumn<{ name: "id"; tableName: "leads"; dataType: "string"; columnType: "PgText"; data: string; driverParam: string; notNull: true; hasDefault: false; isPrimaryKey: true; isAutoincrement: false; ... 4 more ...; generated: undefined; }, {}, {}>; ... 7 more ...; appointmentDate: PgC...'.
src/app/actions/kpiAdvancedActions.ts(131,56): error TS7006: Parameter 'l' implicitly has an 'any' type.
src/app/actions/kpiAdvancedActions.ts(133,30): error TS2339: Property 'filter' does not exist on type 'PgSelectBase<"users", { id: PgColumn<{ name: "id"; tableName: "users"; dataType: "string"; columnType: "PgText"; data: string; driverParam: string; notNull: true; hasDefault: false; isPrimaryKey: true; isAutoincrement: false; ... 4 more ...; generated: undefined; }, {}, {}>; ... 12 more ...; createdAt: PgColumn<...>...'.
src/app/actions/kpiAdvancedActions.ts(133,37): error TS7006: Parameter 'u' implicitly has an 'any' type.
src/app/actions/kpiAdvancedActions.ts(133,88): error TS7006: Parameter 'u' implicitly has an 'any' type.
src/app/actions/kpiAdvancedActions.ts(137,32): error TS2339: Property 'length' does not exist on type 'Omit<PgSelectBase<"leads", { id: PgColumn<{ name: "id"; tableName: "leads"; dataType: "string"; columnType: "PgText"; data: string; driverParam: string; notNull: true; hasDefault: false; isPrimaryKey: true; isAutoincrement: false; ... 4 more ...; generated: undefined; }, {}, {}>; ... 7 more ...; appointmentDate: PgC...'.
src/app/actions/kpiAdvancedActions.ts(160,18): error TS7053: Element implicitly has an 'any' type because expression of type '0' can't be used to index type 'Omit<PgSelectBase<"users", { dailyApptTarget: PgColumn<{ name: "dailyApptTarget"; tableName: "users"; dataType: "number"; columnType: "PgInteger"; data: number; driverParam: string | number; notNull: true; hasDefault: true; ... 6 more ...; generated: undefined; }, {}, {}>; weeklyConfirmedTarget: PgColumn<...>; }, .....'.
  Property '0' does not exist on type 'Omit<PgSelectBase<"users", { dailyApptTarget: PgColumn<{ name: "dailyApptTarget"; tableName: "users"; dataType: "number"; columnType: "PgInteger"; data: number; driverParam: string | number; notNull: true; hasDefault: true; ... 6 more ...; generated: undefined; }, {}, {}>; weeklyConfirmedTarget: PgColumn<...>; }, .....'.
src/app/actions/kpiAdvancedActions.ts(192,12): error TS2339: Property 'length' does not exist on type 'Omit<PgSelectBase<"callLogs", { id: PgColumn<{ name: "id"; tableName: "callLogs"; dataType: "string"; columnType: "PgText"; data: string; driverParam: string; notNull: true; hasDefault: false; isPrimaryKey: true; isAutoincrement: false; ... 4 more ...; generated: undefined; }, {}, {}>; }, ... 5 more ..., { ...; }>, ...'.
src/app/actions/kpiAdvancedActions.ts(202,12): error TS2339: Property 'length' does not exist on type 'Omit<PgSelectBase<"leads", { id: PgColumn<{ name: "id"; tableName: "leads"; dataType: "string"; columnType: "PgText"; data: string; driverParam: string; notNull: true; hasDefault: false; isPrimaryKey: true; isAutoincrement: false; ... 4 more ...; generated: undefined; }, {}, {}>; }, ... 5 more ..., { ...; }>, "where">'.
src/app/actions/leaderboardActions.ts(51,24): error TS2488: Type 'Omit<PgSelectBase<"leads", { id: PgColumn<{ name: "id"; tableName: "leads"; dataType: "string"; columnType: "PgText"; data: string; driverParam: string; notNull: true; hasDefault: false; isPrimaryKey: true; isAutoincrement: false; ... 4 more ...; generated: undefined; }, {}, {}>; ... 31 more ...; updatedAt: PgColumn...' must have a '[Symbol.iterator]()' method that returns an iterator.
src/app/actions/leaderboardActions.ts(66,38): error TS2339: Property 'map' does not exist on type 'PgSelectBase<"shopItems", { id: PgColumn<{ name: "id"; tableName: "shopItems"; dataType: "string"; columnType: "PgText"; data: string; driverParam: string; notNull: true; hasDefault: false; isPrimaryKey: true; isAutoincrement: false; ... 4 more ...; generated: undefined; }, {}, {}>; ... 5 more ...; createdAt: PgColu...'.
src/app/actions/leaderboardActions.ts(66,42): error TS7006: Parameter 's' implicitly has an 'any' type.
src/app/actions/leaderboardActions.ts(69,33): error TS2339: Property 'map' does not exist on type 'Omit<PgSelectBase<"users", { id: PgColumn<{ name: "id"; tableName: "users"; dataType: "string"; columnType: "PgText"; data: string; driverParam: string; notNull: true; hasDefault: false; isPrimaryKey: true; isAutoincrement: false; ... 4 more ...; generated: undefined; }, {}, {}>; ... 12 more ...; createdAt: PgColumn...'.
src/app/actions/leaderboardActions.ts(69,37): error TS7006: Parameter 'gdo' implicitly has an 'any' type.
src/app/actions/leaderboardActions.ts(80,23): error TS7006: Parameter 'a' implicitly has an 'any' type.
src/app/actions/leaderboardActions.ts(80,26): error TS7006: Parameter 'b' implicitly has an 'any' type.
src/app/actions/leaderboardActions.ts(88,29): error TS7006: Parameter 'item' implicitly has an 'any' type.
src/app/actions/leaderboardActions.ts(88,35): error TS7006: Parameter 'index' implicitly has an 'any' type.
src/app/actions/leaderboardActions.ts(102,52): error TS7006: Parameter 'u' implicitly has an 'any' type.
src/app/actions/leaderboardActions.ts(133,77): error TS7006: Parameter 'u' implicitly has an 'any' type.
src/app/actions/leaderboardActions.ts(142,60): error TS7006: Parameter 'u' implicitly has an 'any' type.
src/app/actions/leaderboardActions.ts(153,15): error TS2339: Property 'find' does not exist on type 'Omit<PgSelectBase<"notifications", { id: PgColumn<{ name: "id"; tableName: "notifications"; dataType: "string"; columnType: "PgText"; data: string; driverParam: string; notNull: true; hasDefault: false; isPrimaryKey: true; ... 5 more ...; generated: undefined; }, {}, {}>; ... 7 more ...; readAt: PgColumn<...>; }, .....'.
src/app/actions/leaderboardActions.ts(153,20): error TS7006: Parameter 'n' implicitly has an 'any' type.
src/app/actions/pauseActions.ts(45,32): error TS2339: Property 'length' does not exist on type 'Omit<PgSelectBase<"breakSessions", { id: PgColumn<{ name: "id"; tableName: "breakSessions"; dataType: "string"; columnType: "PgText"; data: string; driverParam: string; notNull: true; hasDefault: false; isPrimaryKey: true; ... 5 more ...; generated: undefined; }, {}, {}>; ... 9 more ...; overrideReason: PgColumn<......'.
src/app/actions/pauseActions.ts(53,21): error TS2488: Type 'Omit<PgSelectBase<"breakSessions", { id: PgColumn<{ name: "id"; tableName: "breakSessions"; dataType: "string"; columnType: "PgText"; data: string; driverParam: string; notNull: true; hasDefault: false; isPrimaryKey: true; ... 5 more ...; generated: undefined; }, {}, {}>; ... 9 more ...; overrideReason: PgColumn<......' must have a '[Symbol.iterator]()' method that returns an iterator.
src/app/actions/pauseActions.ts(143,21): error TS2488: Type 'Omit<PgSelectBase<"breakSessions", { id: PgColumn<{ name: "id"; tableName: "breakSessions"; dataType: "string"; columnType: "PgText"; data: string; driverParam: string; notNull: true; hasDefault: false; isPrimaryKey: true; ... 5 more ...; generated: undefined; }, {}, {}>; ... 10 more ...; createdAt: PgColumn<...>; }...' must have a '[Symbol.iterator]()' method that returns an iterator.
src/app/actions/pauseActions.ts(206,21): error TS7053: Element implicitly has an 'any' type because expression of type '0' can't be used to index type 'Omit<PgSelectBase<"breakSessions", { id: PgColumn<{ name: "id"; tableName: "breakSessions"; dataType: "string"; columnType: "PgText"; data: string; driverParam: string; notNull: true; hasDefault: false; isPrimaryKey: true; ... 5 more ...; generated: undefined; }, {}, {}>; ... 10 more ...; createdAt: PgColumn<...>; }...'.
  Property '0' does not exist on type 'Omit<PgSelectBase<"breakSessions", { id: PgColumn<{ name: "id"; tableName: "breakSessions"; dataType: "string"; columnType: "PgText"; data: string; driverParam: string; notNull: true; hasDefault: false; isPrimaryKey: true; ... 5 more ...; generated: undefined; }, {}, {}>; ... 10 more ...; createdAt: PgColumn<...>; }...'.
src/app/actions/pipelineActions.ts(31,20): error TS2339: Property 'length' does not exist on type 'Omit<PgSelectBase<"callLogs", { leadId: PgColumn<{ name: "leadId"; tableName: "callLogs"; dataType: "string"; columnType: "PgText"; data: string; driverParam: string; notNull: true; hasDefault: false; isPrimaryKey: false; ... 5 more ...; generated: undefined; }, {}, {}>; outcome: PgColumn<...>; }, ... 5 more ..., { ...'.
src/app/actions/pipelineActions.ts(35,48): error TS2339: Property 'map' does not exist on type 'Omit<PgSelectBase<"callLogs", { leadId: PgColumn<{ name: "leadId"; tableName: "callLogs"; dataType: "string"; columnType: "PgText"; data: string; driverParam: string; notNull: true; hasDefault: false; isPrimaryKey: false; ... 5 more ...; generated: undefined; }, {}, {}>; outcome: PgColumn<...>; }, ... 5 more ..., { ...'.
src/app/actions/pipelineActions.ts(35,52): error TS7006: Parameter 'l' implicitly has an 'any' type.
src/app/actions/pipelineActions.ts(36,37): error TS2339: Property 'filter' does not exist on type 'Omit<PgSelectBase<"callLogs", { leadId: PgColumn<{ name: "leadId"; tableName: "callLogs"; dataType: "string"; columnType: "PgText"; data: string; driverParam: string; notNull: true; hasDefault: false; isPrimaryKey: false; ... 5 more ...; generated: undefined; }, {}, {}>; outcome: PgColumn<...>; }, ... 5 more ..., { ...'.
src/app/actions/pipelineActions.ts(36,44): error TS7006: Parameter 'l' implicitly has an 'any' type.
src/app/actions/pipelineActions.ts(70,37): error TS2339: Property 'filter' does not exist on type 'Omit<PgSelectBase<"leads", { id: PgColumn<{ name: "id"; tableName: "leads"; dataType: "string"; columnType: "PgText"; data: string; driverParam: string; notNull: true; hasDefault: false; isPrimaryKey: true; isAutoincrement: false; ... 4 more ...; generated: undefined; }, {}, {}>; ... 31 more ...; updatedAt: PgColumn...'.
src/app/actions/pipelineActions.ts(70,44): error TS7006: Parameter 'l' implicitly has an 'any' type.
src/app/actions/pipelineActions.ts(71,38): error TS2339: Property 'filter' does not exist on type 'Omit<PgSelectBase<"leads", { id: PgColumn<{ name: "id"; tableName: "leads"; dataType: "string"; columnType: "PgText"; data: string; driverParam: string; notNull: true; hasDefault: false; isPrimaryKey: true; isAutoincrement: false; ... 4 more ...; generated: undefined; }, {}, {}>; ... 31 more ...; updatedAt: PgColumn...'.
src/app/actions/pipelineActions.ts(71,45): error TS7006: Parameter 'l' implicitly has an 'any' type.
src/app/actions/pipelineActions.ts(72,37): error TS2339: Property 'filter' does not exist on type 'Omit<PgSelectBase<"leads", { id: PgColumn<{ name: "id"; tableName: "leads"; dataType: "string"; columnType: "PgText"; data: string; driverParam: string; notNull: true; hasDefault: false; isPrimaryKey: true; isAutoincrement: false; ... 4 more ...; generated: undefined; }, {}, {}>; ... 31 more ...; updatedAt: PgColumn...'.
src/app/actions/pipelineActions.ts(72,44): error TS7006: Parameter 'l' implicitly has an 'any' type.
src/app/actions/pipelineActions.ts(119,13): error TS2740: Type 'Omit<PgSelectBase<"leads", { id: PgColumn<{ name: "id"; tableName: "leads"; dataType: "string"; columnType: "PgText"; data: string; driverParam: string; notNull: true; hasDefault: false; isPrimaryKey: true; isAutoincrement: false; ... 4 more ...; generated: undefined; }, {}, {}>; ... 31 more ...; updatedAt: PgColumn...' is missing the following properties from type 'any[]': length, pop, push, concat, and 35 more.
src/app/actions/pipelineActions.ts(152,18): error TS7053: Element implicitly has an 'any' type because expression of type '0' can't be used to index type 'Omit<PgSelectBase<"leads", { id: PgColumn<{ name: "id"; tableName: "leads"; dataType: "string"; columnType: "PgText"; data: string; driverParam: string; notNull: true; hasDefault: false; isPrimaryKey: true; isAutoincrement: false; ... 4 more ...; generated: undefined; }, {}, {}>; ... 31 more ...; updatedAt: PgColumn...'.
  Property '0' does not exist on type 'Omit<PgSelectBase<"leads", { id: PgColumn<{ name: "id"; tableName: "leads"; dataType: "string"; columnType: "PgText"; data: string; driverParam: string; notNull: true; hasDefault: false; isPrimaryKey: true; isAutoincrement: false; ... 4 more ...; generated: undefined; }, {}, {}>; ... 31 more ...; updatedAt: PgColumn...'.
src/app/actions/recallActions.ts(37,32): error TS2339: Property 'filter' does not exist on type 'Omit<PgSelectBase<"leads", { id: PgColumn<{ name: "id"; tableName: "leads"; dataType: "string"; columnType: "PgText"; data: string; driverParam: string; notNull: true; hasDefault: false; isPrimaryKey: true; isAutoincrement: false; ... 4 more ...; generated: undefined; }, {}, {}>; ... 31 more ...; updatedAt: PgColumn...'.
src/app/actions/recallActions.ts(37,39): error TS7006: Parameter 'l' implicitly has an 'any' type.
src/app/actions/recallActions.ts(38,33): error TS2339: Property 'filter' does not exist on type 'Omit<PgSelectBase<"leads", { id: PgColumn<{ name: "id"; tableName: "leads"; dataType: "string"; columnType: "PgText"; data: string; driverParam: string; notNull: true; hasDefault: false; isPrimaryKey: true; isAutoincrement: false; ... 4 more ...; generated: undefined; }, {}, {}>; ... 31 more ...; updatedAt: PgColumn...'.
src/app/actions/recallActions.ts(38,40): error TS7006: Parameter 'l' implicitly has an 'any' type.
src/app/actions/searchActions.ts(34,35): error TS2339: Property 'map' does not exist on type 'Omit<PgSelectBase<"leads", { id: PgColumn<{ name: "id"; tableName: "leads"; dataType: "string"; columnType: "PgText"; data: string; driverParam: string; notNull: true; hasDefault: false; isPrimaryKey: true; isAutoincrement: false; ... 4 more ...; generated: undefined; }, {}, {}>; ... 31 more ...; updatedAt: PgColumn...'.
src/app/actions/searchActions.ts(34,39): error TS7006: Parameter 'lead' implicitly has an 'any' type.
src/app/actions/shopActions.ts(58,22): error TS2339: Property 'map' does not exist on type 'Omit<PgSelectBase<"userPurchases", { shopItem: PgTableWithColumns<{ name: "shopItems"; schema: undefined; columns: { id: PgColumn<{ name: "id"; tableName: "shopItems"; dataType: "string"; columnType: "PgText"; data: string; driverParam: string; ... 8 more ...; generated: undefined; }, {}, {}>; ... 5 more ...; create...'.
src/app/actions/shopActions.ts(58,26): error TS7006: Parameter 'p' implicitly has an 'any' type.
src/app/actions/shopActions.ts(62,18): error TS7053: Element implicitly has an 'any' type because expression of type '0' can't be used to index type 'Omit<PgSelectBase<"users", { id: PgColumn<{ name: "id"; tableName: "users"; dataType: "string"; columnType: "PgText"; data: string; driverParam: string; notNull: true; hasDefault: false; isPrimaryKey: true; isAutoincrement: false; ... 4 more ...; generated: undefined; }, {}, {}>; ... 12 more ...; createdAt: PgColumn...'.
  Property '0' does not exist on type 'Omit<PgSelectBase<"users", { id: PgColumn<{ name: "id"; tableName: "users"; dataType: "string"; columnType: "PgText"; data: string; driverParam: string; notNull: true; hasDefault: false; isPrimaryKey: true; isAutoincrement: false; ... 4 more ...; generated: undefined; }, {}, {}>; ... 12 more ...; createdAt: PgColumn...'.
src/app/actions/shopActions.ts(65,18): error TS7053: Element implicitly has an 'any' type because expression of type '0' can't be used to index type 'Omit<PgSelectBase<"shopItems", { id: PgColumn<{ name: "id"; tableName: "shopItems"; dataType: "string"; columnType: "PgText"; data: string; driverParam: string; notNull: true; hasDefault: false; isPrimaryKey: true; ... 5 more ...; generated: undefined; }, {}, {}>; ... 5 more ...; createdAt: PgColumn<...>; }, ... 5 m...'.
  Property '0' does not exist on type 'Omit<PgSelectBase<"shopItems", { id: PgColumn<{ name: "id"; tableName: "shopItems"; dataType: "string"; columnType: "PgText"; data: string; driverParam: string; notNull: true; hasDefault: false; isPrimaryKey: true; ... 5 more ...; generated: undefined; }, {}, {}>; ... 5 more ...; createdAt: PgColumn<...>; }, ... 5 m...'.
src/app/actions/shopActions.ts(70,22): error TS7053: Element implicitly has an 'any' type because expression of type '0' can't be used to index type 'Omit<PgSelectBase<"userPurchases", { id: PgColumn<{ name: "id"; tableName: "userPurchases"; dataType: "string"; columnType: "PgText"; data: string; driverParam: string; notNull: true; hasDefault: false; isPrimaryKey: true; ... 5 more ...; generated: undefined; }, {}, {}>; userId: PgColumn<...>; shopItemId: PgColumn<...'.
  Property '0' does not exist on type 'Omit<PgSelectBase<"userPurchases", { id: PgColumn<{ name: "id"; tableName: "userPurchases"; dataType: "string"; columnType: "PgText"; data: string; driverParam: string; notNull: true; hasDefault: false; isPrimaryKey: true; ... 5 more ...; generated: undefined; }, {}, {}>; userId: PgColumn<...>; shopItemId: PgColumn<...'.
src/app/actions/shopActions.ts(115,22): error TS7053: Element implicitly has an 'any' type because expression of type '0' can't be used to index type 'Omit<PgSelectBase<"userPurchases", { id: PgColumn<{ name: "id"; tableName: "userPurchases"; dataType: "string"; columnType: "PgText"; data: string; driverParam: string; notNull: true; hasDefault: false; isPrimaryKey: true; ... 5 more ...; generated: undefined; }, {}, {}>; userId: PgColumn<...>; shopItemId: PgColumn<...'.
  Property '0' does not exist on type 'Omit<PgSelectBase<"userPurchases", { id: PgColumn<{ name: "id"; tableName: "userPurchases"; dataType: "string"; columnType: "PgText"; data: string; driverParam: string; notNull: true; hasDefault: false; isPrimaryKey: true; ... 5 more ...; generated: undefined; }, {}, {}>; userId: PgColumn<...>; shopItemId: PgColumn<...'.
src/app/actions/shopActions.ts(137,18): error TS7053: Element implicitly has an 'any' type because expression of type '0' can't be used to index type 'Omit<PgSelectBase<"users", { equippedItemId: PgColumn<{ name: "equippedItemId"; tableName: "users"; dataType: "string"; columnType: "PgText"; data: string; driverParam: string; notNull: false; hasDefault: false; ... 6 more ...; generated: undefined; }, {}, {}>; }, ... 5 more ..., { ...; }>, "where">'.
  Property '0' does not exist on type 'Omit<PgSelectBase<"users", { equippedItemId: PgColumn<{ name: "equippedItemId"; tableName: "users"; dataType: "string"; columnType: "PgText"; data: string; driverParam: string; notNull: false; hasDefault: false; ... 6 more ...; generated: undefined; }, {}, {}>; }, ... 5 more ..., { ...; }>, "where">'.
src/app/actions/shopActions.ts(140,18): error TS7053: Element implicitly has an 'any' type because expression of type '0' can't be used to index type 'Omit<PgSelectBase<"shopItems", { cssValue: PgColumn<{ name: "cssValue"; tableName: "shopItems"; dataType: "string"; columnType: "PgText"; data: string; driverParam: string; notNull: true; hasDefault: false; isPrimaryKey: false; ... 5 more ...; generated: undefined; }, {}, {}>; }, ... 5 more ..., { ...; }>, "where">'.
  Property '0' does not exist on type 'Omit<PgSelectBase<"shopItems", { cssValue: PgColumn<{ name: "cssValue"; tableName: "shopItems"; dataType: "string"; columnType: "PgText"; data: string; driverParam: string; notNull: true; hasDefault: false; isPrimaryKey: false; ... 5 more ...; generated: undefined; }, {}, {}>; }, ... 5 more ..., { ...; }>, "where">'.
src/app/actions/sprintActions.ts(10,12): error TS7053: Element implicitly has an 'any' type because expression of type '0' can't be used to index type 'Omit<PgSelectBase<"sprints", { id: PgColumn<{ name: "id"; tableName: "sprints"; dataType: "string"; columnType: "PgText"; data: string; driverParam: string; notNull: true; hasDefault: false; isPrimaryKey: true; isAutoincrement: false; ... 4 more ...; generated: undefined; }, {}, {}>; ... 5 more ...; createdAt: PgCol...'.
  Property '0' does not exist on type 'Omit<PgSelectBase<"sprints", { id: PgColumn<{ name: "id"; tableName: "sprints"; dataType: "string"; columnType: "PgText"; data: string; driverParam: string; notNull: true; hasDefault: false; isPrimaryKey: true; isAutoincrement: false; ... 4 more ...; generated: undefined; }, {}, {}>; ... 5 more ...; createdAt: PgCol...'.
src/app/actions/sprintActions.ts(45,26): error TS7053: Element implicitly has an 'any' type because expression of type '0' can't be used to index type 'Omit<PgSelectBase<"users", { id: PgColumn<{ name: "id"; tableName: "users"; dataType: "string"; columnType: "PgText"; data: string; driverParam: string; notNull: true; hasDefault: false; isPrimaryKey: true; isAutoincrement: false; ... 4 more ...; generated: undefined; }, {}, {}>; ... 12 more ...; createdAt: PgColumn...'.
  Property '0' does not exist on type 'Omit<PgSelectBase<"users", { id: PgColumn<{ name: "id"; tableName: "users"; dataType: "string"; columnType: "PgText"; data: string; driverParam: string; notNull: true; hasDefault: false; isPrimaryKey: true; isAutoincrement: false; ... 4 more ...; generated: undefined; }, {}, {}>; ... 12 more ...; createdAt: PgColumn...'.
src/app/actions/sprintActions.ts(110,24): error TS7053: Element implicitly has an 'any' type because expression of type '0' can't be used to index type 'Omit<PgSelectBase<"sprints", { id: PgColumn<{ name: "id"; tableName: "sprints"; dataType: "string"; columnType: "PgText"; data: string; driverParam: string; notNull: true; hasDefault: false; isPrimaryKey: true; isAutoincrement: false; ... 4 more ...; generated: undefined; }, {}, {}>; ... 5 more ...; createdAt: PgCol...'.
  Property '0' does not exist on type 'Omit<PgSelectBase<"sprints", { id: PgColumn<{ name: "id"; tableName: "sprints"; dataType: "string"; columnType: "PgText"; data: string; driverParam: string; notNull: true; hasDefault: false; isPrimaryKey: true; isAutoincrement: false; ... 4 more ...; generated: undefined; }, {}, {}>; ... 5 more ...; createdAt: PgCol...'.
src/app/actions/sprintActions.ts(133,24): error TS2488: Type 'Omit<PgSelectBase<"leads", { id: PgColumn<{ name: "id"; tableName: "leads"; dataType: "string"; columnType: "PgText"; data: string; driverParam: string; notNull: true; hasDefault: false; isPrimaryKey: true; isAutoincrement: false; ... 4 more ...; generated: undefined; }, {}, {}>; ... 31 more ...; updatedAt: PgColumn...' must have a '[Symbol.iterator]()' method that returns an iterator.
src/app/actions/sprintActions.ts(140,38): error TS2339: Property 'map' does not exist on type 'PgSelectBase<"shopItems", { id: PgColumn<{ name: "id"; tableName: "shopItems"; dataType: "string"; columnType: "PgText"; data: string; driverParam: string; notNull: true; hasDefault: false; isPrimaryKey: true; isAutoincrement: false; ... 4 more ...; generated: undefined; }, {}, {}>; ... 5 more ...; createdAt: PgColu...'.
src/app/actions/sprintActions.ts(140,42): error TS7006: Parameter 's' implicitly has an 'any' type.
src/app/actions/sprintActions.ts(142,33): error TS2339: Property 'map' does not exist on type 'Omit<PgSelectBase<"users", { id: PgColumn<{ name: "id"; tableName: "users"; dataType: "string"; columnType: "PgText"; data: string; driverParam: string; notNull: true; hasDefault: false; isPrimaryKey: true; isAutoincrement: false; ... 4 more ...; generated: undefined; }, {}, {}>; ... 12 more ...; createdAt: PgColumn...'.
src/app/actions/sprintActions.ts(142,37): error TS7006: Parameter 'gdo' implicitly has an 'any' type.
src/app/actions/sprintActions.ts(151,23): error TS7006: Parameter 'a' implicitly has an 'any' type.
src/app/actions/sprintActions.ts(151,26): error TS7006: Parameter 'b' implicitly has an 'any' type.
src/app/actions/sprintActions.ts(153,29): error TS7006: Parameter 'item' implicitly has an 'any' type.
src/app/actions/sprintActions.ts(153,35): error TS7006: Parameter 'index' implicitly has an 'any' type.
src/app/actions/sprintActions.ts(160,24): error TS7053: Element implicitly has an 'any' type because expression of type '0' can't be used to index type 'Omit<PgSelectBase<"users", { walletCoins: PgColumn<{ name: "walletCoins"; tableName: "users"; dataType: "number"; columnType: "PgInteger"; data: number; driverParam: string | number; notNull: true; hasDefault: true; ... 6 more ...; generated: undefined; }, {}, {}>; }, ... 5 more ..., { ...; }>, "where">'.
  Property '0' does not exist on type 'Omit<PgSelectBase<"users", { walletCoins: PgColumn<{ name: "walletCoins"; tableName: "users"; dataType: "number"; columnType: "PgInteger"; data: number; driverParam: string | number; notNull: true; hasDefault: true; ... 6 more ...; generated: undefined; }, {}, {}>; }, ... 5 more ..., { ...; }>, "where">'.
src/app/actions/teamActions.ts(14,49): error TS2339: Property 'map' does not exist on type 'Omit<PgSelectBase<"users", { gdoCode: PgColumn<{ name: "gdoCode"; tableName: "users"; dataType: "number"; columnType: "PgInteger"; data: number; driverParam: string | number; notNull: false; hasDefault: false; ... 6 more ...; generated: undefined; }, {}, {}>; }, ... 5 more ..., { ...; }>, "where">'.
src/app/actions/teamActions.ts(14,53): error TS7006: Parameter 'u' implicitly has an 'any' type.
src/app/actions/teamGoalActions.ts(64,18): error TS7053: Element implicitly has an 'any' type because expression of type '0' can't be used to index type 'Omit<PgSelectBase<"leads", { id: PgColumn<{ name: "id"; tableName: "leads"; dataType: "string"; columnType: "PgText"; data: string; driverParam: string; notNull: true; hasDefault: false; isPrimaryKey: true; isAutoincrement: false; ... 4 more ...; generated: undefined; }, {}, {}>; ... 31 more ...; updatedAt: PgColumn...'.
  Property '0' does not exist on type 'Omit<PgSelectBase<"leads", { id: PgColumn<{ name: "id"; tableName: "leads"; dataType: "string"; columnType: "PgText"; data: string; driverParam: string; notNull: true; hasDefault: false; isPrimaryKey: true; isAutoincrement: false; ... 4 more ...; generated: undefined; }, {}, {}>; ... 31 more ...; updatedAt: PgColumn...'.
src/app/actions/teamGoalActions.ts(101,40): error TS2339: Property 'filter' does not exist on type 'Omit<PgSelectBase<"users", { id: PgColumn<{ name: "id"; tableName: "users"; dataType: "string"; columnType: "PgText"; data: string; driverParam: string; notNull: true; hasDefault: false; isPrimaryKey: true; isAutoincrement: false; ... 4 more ...; generated: undefined; }, {}, {}>; ... 12 more ...; createdAt: PgColumn...'.
src/app/actions/teamGoalActions.ts(101,47): error TS7006: Parameter 'g' implicitly has an 'any' type.
src/app/api/auth/[...nextauth]/route.ts(2,17): error TS2304: Cannot find name 'NextAuth'.
src/app/api/auth/[...nextauth]/route.ts(2,26): error TS2304: Cannot find name 'authOptions'.
src/app/debug/table.json/route.ts(29,25): error TS2339: Property 'length' does not exist on type 'Omit<PgSelectBase<"leads", { id: PgColumn<{ name: "id"; tableName: "leads"; dataType: "string"; columnType: "PgText"; data: string; driverParam: string; notNull: true; hasDefault: false; isPrimaryKey: true; isAutoincrement: false; ... 4 more ...; generated: undefined; }, {}, {}>; ... 4 more ...; assignedTo: PgColumn...'.
src/app/debug/table/page.tsx(43,31): error TS2339: Property 'map' does not exist on type 'Omit<PgSelectBase<"leads", { id: PgColumn<{ name: "id"; tableName: "leads"; dataType: "string"; columnType: "PgText"; data: string; driverParam: string; notNull: true; hasDefault: false; isPrimaryKey: true; isAutoincrement: false; ... 4 more ...; generated: undefined; }, {}, {}>; ... 4 more ...; assignedTo: PgColumn...'.
src/app/debug/table/page.tsx(43,36): error TS7006: Parameter 'lead' implicitly has an 'any' type.
src/app/debug/table/page.tsx(56,31): error TS2339: Property 'length' does not exist on type 'Omit<PgSelectBase<"leads", { id: PgColumn<{ name: "id"; tableName: "leads"; dataType: "string"; columnType: "PgText"; data: string; driverParam: string; notNull: true; hasDefault: false; isPrimaryKey: true; isAutoincrement: false; ... 4 more ...; generated: undefined; }, {}, {}>; ... 4 more ...; assignedTo: PgColumn...'.
src/components/ShopClient.tsx(9,24): error TS2304: Cannot find name 'useSession'.
src/components/Sidebar.tsx(104,36): error TS2304: Cannot find name 'signOut'.
src/db/cleanAllLeads.ts(9,46): error TS2339: Property 'changes' does not exist on type 'PgDeleteBase<PgTableWithColumns<{ name: "leads"; schema: undefined; columns: { id: PgColumn<{ name: "id"; tableName: "leads"; dataType: "string"; columnType: "PgText"; data: string; driverParam: string; notNull: true; hasDefault: false; ... 6 more ...; generated: undefined; }, {}, {}>; ... 31 more ...; updatedAt: Pg...'.
src/db/cleanAllLeads.ts(12,48): error TS2339: Property 'changes' does not exist on type 'PgDeleteBase<PgTableWithColumns<{ name: "importLogs"; schema: undefined; columns: { id: PgColumn<{ name: "id"; tableName: "importLogs"; dataType: "string"; columnType: "PgText"; data: string; driverParam: string; notNull: true; hasDefault: false; ... 6 more ...; generated: undefined; }, {}, {}>; ... 5 more ...; crea...'.
src/db/cleanFourthCall.ts(13,23): error TS2339: Property 'length' does not exist on type 'Omit<PgSelectBase<"leads", { id: PgColumn<{ name: "id"; tableName: "leads"; dataType: "string"; columnType: "PgText"; data: string; driverParam: string; notNull: true; hasDefault: false; isPrimaryKey: true; isAutoincrement: false; ... 4 more ...; generated: undefined; }, {}, {}>; }, ... 5 more ..., { ...; }>, "where">'.
src/db/cleanFourthCall.ts(14,39): error TS2339: Property 'map' does not exist on type 'Omit<PgSelectBase<"leads", { id: PgColumn<{ name: "id"; tableName: "leads"; dataType: "string"; columnType: "PgText"; data: string; driverParam: string; notNull: true; hasDefault: false; isPrimaryKey: true; isAutoincrement: false; ... 4 more ...; generated: undefined; }, {}, {}>; }, ... 5 more ..., { ...; }>, "where">'.
src/db/cleanFourthCall.ts(14,43): error TS7006: Parameter 'l' implicitly has an 'any' type.
src/db/cleanFourthCall.ts(18,49): error TS2339: Property 'changes' does not exist on type 'Omit<PgDeleteBase<PgTableWithColumns<{ name: "callLogs"; schema: undefined; columns: { id: PgColumn<{ name: "id"; tableName: "callLogs"; dataType: "string"; columnType: "PgText"; data: string; driverParam: string; notNull: true; hasDefault: false; ... 6 more ...; generated: undefined; }, {}, {}>; ... 5 more ...; cre...'.
src/db/cleanFourthCall.ts(22,50): error TS2339: Property 'changes' does not exist on type 'Omit<PgDeleteBase<PgTableWithColumns<{ name: "leads"; schema: undefined; columns: { id: PgColumn<{ name: "id"; tableName: "leads"; dataType: "string"; columnType: "PgText"; data: string; driverParam: string; notNull: true; hasDefault: false; ... 6 more ...; generated: undefined; }, {}, {}>; ... 31 more ...; updatedA...'.
src/db/cleanTestLeads.ts(8,70): error TS2339: Property 'changes' does not exist on type 'Omit<PgDeleteBase<PgTableWithColumns<{ name: "leads"; schema: undefined; columns: { id: PgColumn<{ name: "id"; tableName: "leads"; dataType: "string"; columnType: "PgText"; data: string; driverParam: string; notNull: true; hasDefault: false; ... 6 more ...; generated: undefined; }, {}, {}>; ... 31 more ...; updatedA...'.
src/db/query.ts(10,6): error TS2339: Property 'forEach' does not exist on type 'PgSelectBase<"users", { displayName: PgColumn<{ name: "displayName"; tableName: "users"; dataType: "string"; columnType: "PgText"; data: string; driverParam: string; notNull: false; hasDefault: false; isPrimaryKey: false; ... 5 more ...; generated: undefined; }, {}, {}>; isActive: PgColumn<...>; gdoCode: PgColumn<.....'.
src/db/query.ts(10,14): error TS7006: Parameter 'd' implicitly has an 'any' type.
src/db/test.ts(7,5): error TS2322: Type 'string' is not assignable to type 'SQL<unknown> | Aliased<unknown> | Subquery<string, Record<string, unknown>> | PgColumn<ColumnBaseConfig<ColumnDataType, string>, {}, {}> | PgTable<...> | SelectedFieldsFlat<...>'.
  Type 'string' is not assignable to type 'SQL<unknown> | Aliased<unknown> | Subquery<string, Record<string, unknown>> | PgColumn<ColumnBaseConfig<ColumnDataType, string>, {}, {}> | PgTable<...> | SelectedFieldsFlat<...>'.
src/db/testFourthCall.ts(11,18): error TS7053: Element implicitly has an 'any' type because expression of type '0' can't be used to index type 'Omit<PgSelectBase<"users", { id: PgColumn<{ name: "id"; tableName: "users"; dataType: "string"; columnType: "PgText"; data: string; driverParam: string; notNull: true; hasDefault: false; isPrimaryKey: true; isAutoincrement: false; ... 4 more ...; generated: undefined; }, {}, {}>; ... 12 more ...; createdAt: PgColumn...'.
  Property '0' does not exist on type 'Omit<PgSelectBase<"users", { id: PgColumn<{ name: "id"; tableName: "users"; dataType: "string"; columnType: "PgText"; data: string; driverParam: string; notNull: true; hasDefault: false; isPrimaryKey: true; isAutoincrement: false; ... 4 more ...; generated: undefined; }, {}, {}>; ... 12 more ...; createdAt: PgColumn...'.
src/db/testLiveLeaderboard.ts(15,20): error TS7053: Element implicitly has an 'any' type because expression of type '0' can't be used to index type 'Omit<PgSelectBase<"users", { id: PgColumn<{ name: "id"; tableName: "users"; dataType: "string"; columnType: "PgText"; data: string; driverParam: string; notNull: true; hasDefault: false; isPrimaryKey: true; isAutoincrement: false; ... 4 more ...; generated: undefined; }, {}, {}>; ... 12 more ...; createdAt: PgColumn...'.
  Property '0' does not exist on type 'Omit<PgSelectBase<"users", { id: PgColumn<{ name: "id"; tableName: "users"; dataType: "string"; columnType: "PgText"; data: string; driverParam: string; notNull: true; hasDefault: false; isPrimaryKey: true; isAutoincrement: false; ... 4 more ...; generated: undefined; }, {}, {}>; ... 12 more ...; createdAt: PgColumn...'.
src/db/testLiveLeaderboard.ts(16,20): error TS7053: Element implicitly has an 'any' type because expression of type '0' can't be used to index type 'Omit<PgSelectBase<"users", { id: PgColumn<{ name: "id"; tableName: "users"; dataType: "string"; columnType: "PgText"; data: string; driverParam: string; notNull: true; hasDefault: false; isPrimaryKey: true; isAutoincrement: false; ... 4 more ...; generated: undefined; }, {}, {}>; ... 12 more ...; createdAt: PgColumn...'.
  Property '0' does not exist on type 'Omit<PgSelectBase<"users", { id: PgColumn<{ name: "id"; tableName: "users"; dataType: "string"; columnType: "PgText"; data: string; driverParam: string; notNull: true; hasDefault: false; isPrimaryKey: true; isAutoincrement: false; ... 4 more ...; generated: undefined; }, {}, {}>; ... 12 more ...; createdAt: PgColumn...'.
src/lib/auth.ts(8,27): error TS2304: Cannot find name 'NextAuthOptions'.
src/lib/auth.ts(14,9): error TS2304: Cannot find name 'CredentialsProvider'.
src/lib/auth.ts(20,29): error TS7006: Parameter 'credentials' implicitly has an 'any' type.
src/lib/auth.ts(25,30): error TS7053: Element implicitly has an 'any' type because expression of type '0' can't be used to index type 'Omit<PgSelectBase<"users", { id: PgColumn<{ name: "id"; tableName: "users"; dataType: "string"; columnType: "PgText"; data: string; driverParam: string; notNull: true; hasDefault: false; isPrimaryKey: true; isAutoincrement: false; ... 4 more ...; generated: undefined; }, {}, {}>; ... 12 more ...; createdAt: PgColumn...'.
  Property '0' does not exist on type 'Omit<PgSelectBase<"users", { id: PgColumn<{ name: "id"; tableName: "users"; dataType: "string"; columnType: "PgText"; data: string; driverParam: string; notNull: true; hasDefault: false; isPrimaryKey: true; isAutoincrement: false; ... 4 more ...; generated: undefined; }, {}, {}>; ... 12 more ...; createdAt: PgColumn...'.
src/lib/auth.ts(47,21): error TS7031: Binding element 'token' implicitly has an 'any' type.
src/lib/auth.ts(47,28): error TS7031: Binding element 'user' implicitly has an 'any' type.
src/lib/auth.ts(54,25): error TS7031: Binding element 'session' implicitly has an 'any' type.
src/lib/auth.ts(54,34): error TS7031: Binding element 'token' implicitly has an 'any' type.
