[    1888ms] [INFO] %cDownload the React DevTools for a better development experience: https://react.dev/link/react-devtools font-weight:bold @ http://localhost:3000/_next/static/chunks/node_modules_next_dist_f3530cac._.js:2297
[    2272ms] [LOG] [HMR] connected @ http://localhost:3000/_next/static/chunks/node_modules_next_dist_f3530cac._.js:2297
[   44370ms] [LOG] [Fast Refresh] rebuilding @ http://localhost:3000/_next/static/chunks/node_modules_next_dist_f3530cac._.js:2297
[   45449ms] [LOG] [Fast Refresh] done in 1192ms @ http://localhost:3000/_next/static/chunks/node_modules_next_dist_f3530cac._.js:2297
[   46446ms] [WARNING] [realtime] subscription "realtime-provider-main" CLOSED undefined @ http://localhost:3000/_next/static/chunks/node_modules_next_dist_f3530cac._.js:2297
[   46446ms] [WARNING] [realtime] subscription "team-adventure" CLOSED undefined @ http://localhost:3000/_next/static/chunks/node_modules_next_dist_f3530cac._.js:2297
[   46446ms] [WARNING] [realtime] subscription "user-notifications" CLOSED undefined @ http://localhost:3000/_next/static/chunks/node_modules_next_dist_f3530cac._.js:2297
[   46447ms] [WARNING] [realtime] subscription "global-alerts" CLOSED undefined @ http://localhost:3000/_next/static/chunks/node_modules_next_dist_f3530cac._.js:2297
[   46672ms] [LOG] [Fast Refresh] rebuilding @ http://localhost:3000/_next/static/chunks/node_modules_next_dist_f3530cac._.js:2297
[   46917ms] [LOG] [Fast Refresh] done in 357ms @ http://localhost:3000/_next/static/chunks/node_modules_next_dist_f3530cac._.js:2297
[   47022ms] [LOG] [Fast Refresh] rebuilding @ http://localhost:3000/_next/static/chunks/node_modules_next_dist_f3530cac._.js:2297
[   47259ms] [LOG] [Fast Refresh] done in 341ms @ http://localhost:3000/_next/static/chunks/node_modules_next_dist_f3530cac._.js:2297
[   48855ms] [WARNING] [realtime] subscription "conferme_realtime_board" CLOSED undefined @ http://localhost:3000/_next/static/chunks/node_modules_next_dist_f3530cac._.js:2297
[   48856ms] [WARNING] [realtime] subscription "conferme_realtime_board" CHANNEL_ERROR Error: mismatch between server and client bindings for postgres changes
    at Object.callback (http://localhost:3000/_next/static/chunks/node_modules_c7522288._.js:3603:131)
    at http://localhost:3000/_next/static/chunks/node_modules_c7522288._.js:3177:71
    at Array.forEach (<anonymous>)
    at Push._matchReceive (http://localhost:3000/_next/static/chunks/node_modules_c7522288._.js:3177:56)
    at Object.callback (http://localhost:3000/_next/static/chunks/node_modules_c7522288._.js:3149:18)
    at http://localhost:3000/_next/static/chunks/node_modules_c7522288._.js:3924:22
    at Array.map (<anonymous>)
    at RealtimeChannel._trigger (http://localhost:3000/_next/static/chunks/node_modules_c7522288._.js:3909:16)
    at Object.callback (http://localhost:3000/_next/static/chunks/node_modules_c7522288._.js:3542:18)
    at http://localhost:3000/_next/static/chunks/node_modules_c7522288._.js:3924:22
    at Array.map (<anonymous>)
    at RealtimeChannel._trigger (http://localhost:3000/_next/static/chunks/node_modules_c7522288._.js:3909:16)
    at http://localhost:3000/_next/static/chunks/node_modules_c7522288._.js:4483:98
    at Array.forEach (<anonymous>)
    at http://localhost:3000/_next/static/chunks/node_modules_c7522288._.js:4483:71
    at Serializer.decode (http://localhost:3000/_next/static/chunks/node_modules_c7522288._.js:2776:20)
    at RealtimeClient._onConnMessage (http://localhost:3000/_next/static/chunks/node_modules_c7522288._.js:4465:14)
    at conn.onmessage (http://localhost:3000/_next/static/chunks/node_modules_c7522288._.js:4518:45) @ http://localhost:3000/_next/static/chunks/node_modules_next_dist_f3530cac._.js:2297
[   58817ms] [WARNING] [realtime] subscription "conferme_realtime_board" CLOSED undefined @ http://localhost:3000/_next/static/chunks/node_modules_next_dist_f3530cac._.js:2297
