[     508ms] [INFO] %cDownload the React DevTools for a better development experience: https://react.dev/link/react-devtools font-weight:bold @ http://localhost:3000/_next/static/chunks/node_modules_next_dist_f3530cac._.js:2297
[     731ms] [WARNING] [realtime] subscription "user-notifications" CLOSED undefined @ http://localhost:3000/_next/static/chunks/node_modules_next_dist_f3530cac._.js:2297
[     842ms] [LOG] [HMR] connected @ http://localhost:3000/_next/static/chunks/node_modules_next_dist_f3530cac._.js:2297
[   16737ms] [LOG] [Fast Refresh] rebuilding @ http://localhost:3000/_next/static/chunks/node_modules_next_dist_f3530cac._.js:2297
[   16936ms] [LOG] [Fast Refresh] done in 312ms @ http://localhost:3000/_next/static/chunks/node_modules_next_dist_f3530cac._.js:2297
[  167307ms] [LOG] [Fast Refresh] rebuilding @ http://localhost:3000/_next/static/chunks/node_modules_next_dist_f3530cac._.js:2297
[  167658ms] [LOG] [Fast Refresh] done in 452ms @ http://localhost:3000/_next/static/chunks/node_modules_next_dist_f3530cac._.js:2297
[  319523ms] [LOG] [Fast Refresh] rebuilding @ http://localhost:3000/_next/static/chunks/node_modules_next_dist_f3530cac._.js:2297
[  319523ms] [LOG] [Fast Refresh] done in 107ms @ http://localhost:3000/_next/static/chunks/node_modules_next_dist_f3530cac._.js:2297
[  531136ms] [ERROR] WebSocket connection to 'ws://localhost:3000/_next/webpack-hmr?id=Q-r3MyJUx0Op1y843mlyL' failed: Error in connection establishment: net::ERR_CONNECTION_REFUSED @ http://localhost:3000/_next/static/chunks/node_modules_next_dist_client_17643121._.js:10878
[  534368ms] [ERROR] Failed to load resource: net::ERR_CONNECTION_REFUSED @ http://localhost:3000/conferme:0
[  534370ms] [ERROR] TypeError: Failed to fetch
    at fetchServerAction (http://localhost:3000/_next/static/chunks/node_modules_next_dist_client_17643121._.js:8817:23) @ http://localhost:3000/_next/static/chunks/node_modules_next_dist_f3530cac._.js:3127
[  534505ms] [ERROR] WebSocket connection to 'ws://localhost:3000/_next/webpack-hmr?id=Q-r3MyJUx0Op1y843mlyL' failed: Error in connection establishment: net::ERR_CONNECTION_REFUSED @ http://localhost:3000/_next/static/chunks/node_modules_next_dist_client_17643121._.js:10878
[  534549ms] [ERROR] Failed to load resource: net::ERR_CONNECTION_REFUSED @ http://localhost:3000/__nextjs_original-stack-frames:0
[  537849ms] [ERROR] WebSocket connection to 'ws://localhost:3000/_next/webpack-hmr?id=Q-r3MyJUx0Op1y843mlyL' failed: Error in connection establishment: net::ERR_CONNECTION_REFUSED @ http://localhost:3000/_next/static/chunks/node_modules_next_dist_client_17643121._.js:10878
[  541200ms] [ERROR] WebSocket connection to 'ws://localhost:3000/_next/webpack-hmr?id=Q-r3MyJUx0Op1y843mlyL' failed: Error in connection establishment: net::ERR_CONNECTION_REFUSED @ http://localhost:3000/_next/static/chunks/node_modules_next_dist_client_17643121._.js:10878
[  543047ms] [ERROR] Failed to load resource: net::ERR_CONNECTION_REFUSED @ http://localhost:3000/conferme:0
[  543289ms] [ERROR] Failed to load resource: net::ERR_CONNECTION_REFUSED @ http://localhost:3000/conferme:0
[  544560ms] [ERROR] WebSocket connection to 'ws://localhost:3000/_next/webpack-hmr?id=Q-r3MyJUx0Op1y843mlyL' failed: Error in connection establishment: net::ERR_CONNECTION_REFUSED @ http://localhost:3000/_next/static/chunks/node_modules_next_dist_client_17643121._.js:10878
[  551942ms] [ERROR] WebSocket connection to 'ws://localhost:3000/_next/webpack-hmr?id=Q-r3MyJUx0Op1y843mlyL' failed: Error in connection establishment: net::ERR_CONNECTION_REFUSED @ http://localhost:3000/_next/static/chunks/node_modules_next_dist_client_17643121._.js:10878
[  554975ms] [ERROR] Failed to load resource: net::ERR_CONNECTION_REFUSED @ http://localhost:3000/conferme:0
[  554976ms] [ERROR] TypeError: Failed to fetch
    at fetchServerAction (http://localhost:3000/_next/static/chunks/node_modules_next_dist_client_17643121._.js:8817:23) @ http://localhost:3000/_next/static/chunks/node_modules_next_dist_f3530cac._.js:3127
[  558084ms] [ERROR] Failed to load resource: net::ERR_CONNECTION_REFUSED @ http://localhost:3000/conferme:0
[  558085ms] [ERROR] TypeError: Failed to fetch
    at fetchServerAction (http://localhost:3000/_next/static/chunks/node_modules_next_dist_client_17643121._.js:8817:23) @ http://localhost:3000/_next/static/chunks/node_modules_next_dist_f3530cac._.js:3127
[  559312ms] [ERROR] WebSocket connection to 'ws://localhost:3000/_next/webpack-hmr?id=Q-r3MyJUx0Op1y843mlyL' failed: Error in connection establishment: net::ERR_CONNECTION_REFUSED @ http://localhost:3000/_next/static/chunks/node_modules_next_dist_client_17643121._.js:10878
[  566675ms] [ERROR] WebSocket connection to 'ws://localhost:3000/_next/webpack-hmr?id=Q-r3MyJUx0Op1y843mlyL' failed: Error in connection establishment: net::ERR_CONNECTION_REFUSED @ http://localhost:3000/_next/static/chunks/node_modules_next_dist_client_17643121._.js:10878
[  574056ms] [ERROR] WebSocket connection to 'ws://localhost:3000/_next/webpack-hmr?id=Q-r3MyJUx0Op1y843mlyL' failed: Error in connection establishment: net::ERR_CONNECTION_REFUSED @ http://localhost:3000/_next/static/chunks/node_modules_next_dist_client_17643121._.js:10878
[  581458ms] [ERROR] WebSocket connection to 'ws://localhost:3000/_next/webpack-hmr?id=Q-r3MyJUx0Op1y843mlyL' failed: Error in connection establishment: net::ERR_CONNECTION_REFUSED @ http://localhost:3000/_next/static/chunks/node_modules_next_dist_client_17643121._.js:10878
[  583309ms] [ERROR] Failed to load resource: net::ERR_CONNECTION_REFUSED @ http://localhost:3000/conferme:0
[  583310ms] [ERROR] TypeError: Failed to fetch
    at fetchServerAction (http://localhost:3000/_next/static/chunks/node_modules_next_dist_client_17643121._.js:8817:23) @ http://localhost:3000/_next/static/chunks/node_modules_next_dist_f3530cac._.js:3127
[  588885ms] [ERROR] WebSocket connection to 'ws://localhost:3000/_next/webpack-hmr?id=Q-r3MyJUx0Op1y843mlyL' failed: Error in connection establishment: net::ERR_CONNECTION_REFUSED @ http://localhost:3000/_next/static/chunks/node_modules_next_dist_client_17643121._.js:10878
[  596297ms] [ERROR] WebSocket connection to 'ws://localhost:3000/_next/webpack-hmr?id=Q-r3MyJUx0Op1y843mlyL' failed: Error in connection establishment: net::ERR_CONNECTION_REFUSED @ http://localhost:3000/_next/static/chunks/node_modules_next_dist_client_17643121._.js:10878
