[    3918ms] [ERROR] Failed to load resource: the server responded with a status of 500 (Internal Server Error) @ http://localhost:3000/login:0
[    4062ms] [INFO] %cDownload the React DevTools for a better development experience: https://react.dev/link/react-devtools font-weight:bold @ http://localhost:3000/_next/static/chunks/node_modules_react-dom_4411d9bd._.js:15305
[    4135ms] Error: ./src/app/globals.css
Error evaluating Node.js code
Error: Cannot find native binding. npm has a bug related to optional dependencies (https://github.com/npm/cli/issues/4828). Please try `npm i` again after removing both package-lock.json and node_modules directory.
    [at Object.<anonymous> (C:\Users\bruno\Desktop\CRM GDO\node_modules\@tailwindcss\oxide\index.js:559:11)]
    [at Module._compile (node:internal/modules/cjs/loader:1804:14)]
    [at Module._extensions..js (node:internal/modules/cjs/loader:1936:10)]
    [at Module.load (node:internal/modules/cjs/loader:1525:32)]
    [at Module._load (node:internal/modules/cjs/loader:1327:12)]
    [at TracingChannel.traceSync (node:diagnostics_channel:328:14)]
    [at wrapModuleLoad (node:internal/modules/cjs/loader:245:24)]
    [at Module.require (node:internal/modules/cjs/loader:1548:12)]
    [at require (node:internal/modules/helpers:152:16)]
    [at Object.<anonymous> (C:\Users\bruno\Desktop\CRM GDO\node_modules\@tailwindcss\postcss\dist\index.js:1:1406)]
Caused by: Error: An Application Control policy has blocked this file.
\\?\C:\Users\bruno\Desktop\CRM GDO\node_modules\@tailwindcss\oxide-win32-arm64-msvc\tailwindcss-oxide.win32-arm64-msvc.node
    [at Module._extensions..node (node:internal/modules/cjs/loader:1963:18)]
    [at Module.load (node:internal/modules/cjs/loader:1525:32)]
    [at Module._load (node:internal/modules/cjs/loader:1327:12)]
    [at TracingChannel.traceSync (node:diagnostics_channel:328:14)]
    [at wrapModuleLoad (node:internal/modules/cjs/loader:245:24)]
    [at Module.require (node:internal/modules/cjs/loader:1548:12)]
    [at require (node:internal/modules/helpers:152:16)]
    [at requireNative (C:\Users\bruno\Desktop\CRM GDO\node_modules\@tailwindcss\oxide\index.js:164:25)]
    [at Object.<anonymous> (C:\Users\bruno\Desktop\CRM GDO\node_modules\@tailwindcss\oxide\index.js:526:17)]
    [at Module._compile (node:internal/modules/cjs/loader:1804:14)]
Caused by: Error: Cannot find module './tailwindcss-oxide.win32-arm64-msvc.node'
Require stack:
- C:\Users\bruno\Desktop\CRM GDO\node_modules\@tailwindcss\oxide\index.js
- C:\Users\bruno\Desktop\CRM GDO\node_modules\@tailwindcss\postcss\dist\index.js
- C:\Users\bruno\Desktop\CRM GDO\.next\dev\build\chunks\[root-of-the-server]__51225daf._.js
- C:\Users\bruno\Desktop\CRM GDO\.next\dev\build\chunks\[turbopack]_runtime.js
- C:\Users\bruno\Desktop\CRM GDO\.next\dev\build\postcss.js
    [at Module._resolveFilename (node:internal/modules/cjs/loader:1448:15)]
    [at defaultResolveImpl (node:internal/modules/cjs/loader:1059:19)]
    [at resolveForCJSWithHooks (node:internal/modules/cjs/loader:1064:22)]
    [at Module._load (node:internal/modules/cjs/loader:1234:25)]
    [at TracingChannel.traceSync (node:diagnostics_channel:328:14)]
    [at wrapModuleLoad (node:internal/modules/cjs/loader:245:24)]
    [at Module.require (node:internal/modules/cjs/loader:1548:12)]
    [at require (node:internal/modules/helpers:152:16)]
    [at requireNative (C:\Users\bruno\Desktop\CRM GDO\node_modules\@tailwindcss\oxide\index.js:159:16)]
    [at Object.<anonymous> (C:\Users\bruno\Desktop\CRM GDO\node_modules\@tailwindcss\oxide\index.js:526:17)]

Import trace:
  Client Component Browser:
    ./src/app/globals.css [Client Component Browser]
    ./src/app/layout.tsx [Server Component]


    at Object.getCompilationErrors (file://C:\Users\bruno\Desktop\CRM GDO\node_modules\next\dist\server\dev\hot-reloader-turbopack.js:1008:59)
    at DevBundlerService.getCompilationError (file://C:\Users\bruno\Desktop\CRM GDO\node_modules\next\dist\server\lib\dev-bundler-service.js:44:55)
    at DevServer.getCompilationError (file://C:\Users\bruno\Desktop\CRM GDO\node_modules\next\dist\server\dev\next-dev-server.js:706:42)
    at DevServer.findPageComponents (file://C:\Users\bruno\Desktop\CRM GDO\node_modules\next\dist\server\dev\next-dev-server.js:676:43)
    at async DevServer.renderErrorToResponseImpl (file://C:\Users\bruno\Desktop\CRM GDO\node_modules\next\dist\server\base-server.js:1733:26)
[    4419ms] [LOG] [HMR] connected @ http://localhost:3000/_next/static/chunks/node_modules_next_dist_b3fb3b5f._.js:1206
[    4481ms] [ERROR] ./src/app/globals.css
Error evaluating Node.js code
Error: Cannot find native binding. npm has a bug related to optional dependencies (https://github.com/npm/cli/issues/4828). Please try `npm i` again after removing both package-lock.json and node_modules directory.
    [at Object.<anonymous> (C:\Users\bruno\Desktop\CRM GDO\node_modules\@tailwindcss\oxide\index.js:559:11)]
    [at Module._compile (node:internal/modules/cjs/loader:1804:14)]
    [at Module._extensions..js (node:internal/modules/cjs/loader:1936:10)]
    [at Module.load (node:internal/modules/cjs/loader:1525:32)]
    [at Module._load (node:internal/modules/cjs/loader:1327:12)]
    [at TracingChannel.traceSync (node:diagnostics_channel:328:14)]
    [at wrapModuleLoad (node:internal/modules/cjs/loader:245:24)]
    [at Module.require (node:internal/modules/cjs/loader:1548:12)]
    [at require (node:internal/modules/helpers:152:16)]
    [at Object.<anonymous> (C:\Users\bruno\Desktop\CRM GDO\node_modules\@tailwindcss\postcss\dist\index.js:1:1406)]
Caused by: Error: An Application Control policy has blocked this file.
\\?\C:\Users\bruno\Desktop\CRM GDO\node_modules\@tailwindcss\oxide-win32-arm64-msvc\tailwindcss-oxide.win32-arm64-msvc.node
    [at Module._extensions..node (node:internal/modules/cjs/loader:1963:18)]
    [at Module.load (node:internal/modules/cjs/loader:1525:32)]
    [at Module._load (node:internal/modules/cjs/loader:1327:12)]
    [at TracingChannel.traceSync (node:diagnostics_channel:328:14)]
    [at wrapModuleLoad (node:internal/modules/cjs/loader:245:24)]
    [at Module.require (node:internal/modules/cjs/loader:1548:12)]
    [at require (node:internal/modules/helpers:152:16)]
    [at requireNative (C:\Users\bruno\Desktop\CRM GDO\node_modules\@tailwindcss\oxide\index.js:164:25)]
    [at Object.<anonymous> (C:\Users\bruno\Desktop\CRM GDO\node_modules\@tailwindcss\oxide\index.js:526:17)]
    [at Module._compile (node:internal/modules/cjs/loader:1804:14)]
Caused by: Error: Cannot find module './tailwindcss-oxide.win32-arm64-msvc.node'
Require stack:
- C:\Users\bruno\Desktop\CRM GDO\node_modules\@tailwindcss\oxide\index.js
- C:\Users\bruno\Desktop\CRM GDO\node_modules\@tailwindcss\postcss\dist\index.js
- C:\Users\bruno\Desktop\CRM GDO\.next\dev\build\chunks\[root-of-the-server]__51225daf._.js
- C:\Users\bruno\Desktop\CRM GDO\.next\dev\build\chunks\[turbopack]_runtime.js
- C:\Users\bruno\Desktop\CRM GDO\.next\dev\build\postcss.js
    [at Module._resolveFilename (node:internal/modules/cjs/loader:1448:15)]
    [at defaultResolveImpl (node:internal/modules/cjs/loader:1059:19)]
    [at resolveForCJSWithHooks (node:internal/modules/cjs/loader:1064:22)]
    [at Module._load (node:internal/modules/cjs/loader:1234:25)]
    [at TracingChannel.traceSync (node:diagnostics_channel:328:14)]
    [at wrapModuleLoad (node:internal/modules/cjs/loader:245:24)]
    [at Module.require (node:internal/modules/cjs/loader:1548:12)]
    [at require (node:internal/modules/helpers:152:16)]
    [at requireNative (C:\Users\bruno\Desktop\CRM GDO\node_modules\@tailwindcss\oxide\index.js:159:16)]
    [at Object.<anonymous> (C:\Users\bruno\Desktop\CRM GDO\node_modules\@tailwindcss\oxide\index.js:526:17)]

Import trace:
  Client Component Browser:
    ./src/app/globals.css [Client Component Browser]
    ./src/app/layout.tsx [Server Component] @ http://localhost:3000/_next/static/chunks/node_modules_next_dist_b3fb3b5f._.js:1920
[    4534ms] [LOG] [Fast Refresh] rebuilding @ http://localhost:3000/_next/static/chunks/node_modules_next_dist_b3fb3b5f._.js:1206
[    5098ms] [ERROR] ./src/app/globals.css
Error evaluating Node.js code
Error: Cannot find native binding. npm has a bug related to optional dependencies (https://github.com/npm/cli/issues/4828). Please try `npm i` again after removing both package-lock.json and node_modules directory.
    [at Object.<anonymous> (C:\Users\bruno\Desktop\CRM GDO\node_modules\@tailwindcss\oxide\index.js:559:11)]
    [at Module._compile (node:internal/modules/cjs/loader:1804:14)]
    [at Module._extensions..js (node:internal/modules/cjs/loader:1936:10)]
    [at Module.load (node:internal/modules/cjs/loader:1525:32)]
    [at Module._load (node:internal/modules/cjs/loader:1327:12)]
    [at TracingChannel.traceSync (node:diagnostics_channel:328:14)]
    [at wrapModuleLoad (node:internal/modules/cjs/loader:245:24)]
    [at Module.require (node:internal/modules/cjs/loader:1548:12)]
    [at require (node:internal/modules/helpers:152:16)]
    [at Object.<anonymous> (C:\Users\bruno\Desktop\CRM GDO\node_modules\@tailwindcss\postcss\dist\index.js:1:1406)]
Caused by: Error: An Application Control policy has blocked this file.
\\?\C:\Users\bruno\Desktop\CRM GDO\node_modules\@tailwindcss\oxide-win32-arm64-msvc\tailwindcss-oxide.win32-arm64-msvc.node
    [at Module._extensions..node (node:internal/modules/cjs/loader:1963:18)]
    [at Module.load (node:internal/modules/cjs/loader:1525:32)]
    [at Module._load (node:internal/modules/cjs/loader:1327:12)]
    [at TracingChannel.traceSync (node:diagnostics_channel:328:14)]
    [at wrapModuleLoad (node:internal/modules/cjs/loader:245:24)]
    [at Module.require (node:internal/modules/cjs/loader:1548:12)]
    [at require (node:internal/modules/helpers:152:16)]
    [at requireNative (C:\Users\bruno\Desktop\CRM GDO\node_modules\@tailwindcss\oxide\index.js:164:25)]
    [at Object.<anonymous> (C:\Users\bruno\Desktop\CRM GDO\node_modules\@tailwindcss\oxide\index.js:526:17)]
    [at Module._compile (node:internal/modules/cjs/loader:1804:14)]
Caused by: Error: Cannot find module './tailwindcss-oxide.win32-arm64-msvc.node'
Require stack:
- C:\Users\bruno\Desktop\CRM GDO\node_modules\@tailwindcss\oxide\index.js
- C:\Users\bruno\Desktop\CRM GDO\node_modules\@tailwindcss\postcss\dist\index.js
- C:\Users\bruno\Desktop\CRM GDO\.next\dev\build\chunks\[root-of-the-server]__51225daf._.js
- C:\Users\bruno\Desktop\CRM GDO\.next\dev\build\chunks\[turbopack]_runtime.js
- C:\Users\bruno\Desktop\CRM GDO\.next\dev\build\postcss.js
    [at Module._resolveFilename (node:internal/modules/cjs/loader:1448:15)]
    [at defaultResolveImpl (node:internal/modules/cjs/loader:1059:19)]
    [at resolveForCJSWithHooks (node:internal/modules/cjs/loader:1064:22)]
    [at Module._load (node:internal/modules/cjs/loader:1234:25)]
    [at TracingChannel.traceSync (node:diagnostics_channel:328:14)]
    [at wrapModuleLoad (node:internal/modules/cjs/loader:245:24)]
    [at Module.require (node:internal/modules/cjs/loader:1548:12)]
    [at require (node:internal/modules/helpers:152:16)]
    [at requireNative (C:\Users\bruno\Desktop\CRM GDO\node_modules\@tailwindcss\oxide\index.js:159:16)]
    [at Object.<anonymous> (C:\Users\bruno\Desktop\CRM GDO\node_modules\@tailwindcss\oxide\index.js:526:17)]

Import trace:
  Client Component Browser:
    ./src/app/globals.css [Client Component Browser]
    ./src/app/layout.tsx [Server Component] @ http://localhost:3000/_next/static/chunks/node_modules_next_dist_b3fb3b5f._.js:1920
