[     529ms] [INFO] %cDownload the React DevTools for a better development experience: https://react.dev/link/react-devtools font-weight:bold @ http://localhost:3000/_next/static/chunks/node_modules_next_dist_f3530cac._.js:2297
[     880ms] [LOG] [HMR] connected @ http://localhost:3000/_next/static/chunks/node_modules_next_dist_f3530cac._.js:2297
[     937ms] [WARNING] [realtime] subscription "user-notifications" CLOSED undefined @ http://localhost:3000/_next/static/chunks/node_modules_next_dist_f3530cac._.js:2297
[    1197ms] [LOG] [Fast Refresh] rebuilding @ http://localhost:3000/_next/static/chunks/node_modules_next_dist_f3530cac._.js:2297
[    1373ms] [LOG] [Fast Refresh] done in 288ms @ http://localhost:3000/_next/static/chunks/node_modules_next_dist_f3530cac._.js:2297
[  119875ms] [LOG] [Fast Refresh] rebuilding @ http://localhost:3000/_next/static/chunks/node_modules_next_dist_f3530cac._.js:2297
[  120163ms] [LOG] [Fast Refresh] done in 461ms @ http://localhost:3000/_next/static/chunks/node_modules_next_dist_f3530cac._.js:2297
[  527482ms] [LOG] [Fast Refresh] rebuilding @ http://localhost:3000/_next/static/chunks/node_modules_next_dist_f3530cac._.js:2297
[  528573ms] [LOG] [Fast Refresh] done in 1190ms @ http://localhost:3000/_next/static/chunks/node_modules_next_dist_f3530cac._.js:2297
[  536886ms] [LOG] [Fast Refresh] rebuilding @ http://localhost:3000/_next/static/chunks/node_modules_next_dist_f3530cac._.js:2297
[  536889ms] [LOG] [Fast Refresh] done in 6ms @ http://localhost:3000/_next/static/chunks/node_modules_next_dist_f3530cac._.js:2297
[  541215ms] [LOG] [Fast Refresh] rebuilding @ http://localhost:3000/_next/static/chunks/node_modules_next_dist_f3530cac._.js:2297
[  541944ms] [LOG] [Fast Refresh] done in 844ms @ http://localhost:3000/_next/static/chunks/node_modules_next_dist_f3530cac._.js:2297
[  554863ms] [ERROR] WebSocket connection to 'ws://localhost:3000/_next/webpack-hmr?id=EblpdxNbuNz_odN-S3Bz9' failed: Error in connection establishment: net::ERR_CONNECTION_REFUSED @ http://localhost:3000/_next/static/chunks/node_modules_next_dist_client_17643121._.js:10878
[  555588ms] [ERROR] Failed to load resource: net::ERR_CONNECTION_REFUSED @ http://localhost:3000/conferme:0
[  555591ms] [ERROR] TypeError: Failed to fetch
    at fetchServerAction (http://localhost:3000/_next/static/chunks/node_modules_next_dist_client_17643121._.js:8817:23) @ http://localhost:3000/_next/static/chunks/node_modules_next_dist_f3530cac._.js:3127
[  555843ms] [ERROR] Failed to load resource: net::ERR_CONNECTION_REFUSED @ http://localhost:3000/__nextjs_original-stack-frames:0
[  558200ms] [ERROR] WebSocket connection to 'ws://localhost:3000/_next/webpack-hmr?id=EblpdxNbuNz_odN-S3Bz9' failed: Error in connection establishment: net::ERR_CONNECTION_REFUSED @ http://localhost:3000/_next/static/chunks/node_modules_next_dist_client_17643121._.js:10878
[  561572ms] [ERROR] WebSocket connection to 'ws://localhost:3000/_next/webpack-hmr?id=EblpdxNbuNz_odN-S3Bz9' failed: Error in connection establishment: net::ERR_CONNECTION_REFUSED @ http://localhost:3000/_next/static/chunks/node_modules_next_dist_client_17643121._.js:10878
[  564969ms] [ERROR] WebSocket connection to 'ws://localhost:3000/_next/webpack-hmr?id=EblpdxNbuNz_odN-S3Bz9' failed: Error in connection establishment: net::ERR_CONNECTION_REFUSED @ http://localhost:3000/_next/static/chunks/node_modules_next_dist_client_17643121._.js:10878
[  568334ms] [ERROR] WebSocket connection to 'ws://localhost:3000/_next/webpack-hmr?id=EblpdxNbuNz_odN-S3Bz9' failed: Error in connection establishment: net::ERR_CONNECTION_REFUSED @ http://localhost:3000/_next/static/chunks/node_modules_next_dist_client_17643121._.js:10878
[  575687ms] [ERROR] WebSocket connection to 'ws://localhost:3000/_next/webpack-hmr?id=EblpdxNbuNz_odN-S3Bz9' failed: Error in connection establishment: net::ERR_CONNECTION_REFUSED @ http://localhost:3000/_next/static/chunks/node_modules_next_dist_client_17643121._.js:10878
[  583037ms] [ERROR] WebSocket connection to 'ws://localhost:3000/_next/webpack-hmr?id=EblpdxNbuNz_odN-S3Bz9' failed: Error in connection establishment: net::ERR_CONNECTION_REFUSED @ http://localhost:3000/_next/static/chunks/node_modules_next_dist_client_17643121._.js:10878
[  591535ms] [ERROR] WebSocket connection to 'ws://localhost:3000/_next/webpack-hmr?id=EblpdxNbuNz_odN-S3Bz9' failed: Error in connection establishment: net::ERR_CONNECTION_REFUSED @ http://localhost:3000/_next/static/chunks/node_modules_next_dist_client_17643121._.js:10878
[  598919ms] [ERROR] WebSocket connection to 'ws://localhost:3000/_next/webpack-hmr?id=EblpdxNbuNz_odN-S3Bz9' failed: Error in connection establishment: net::ERR_CONNECTION_REFUSED @ http://localhost:3000/_next/static/chunks/node_modules_next_dist_client_17643121._.js:10878
[  599352ms] [ERROR] Failed to load resource: net::ERR_CONNECTION_REFUSED @ http://localhost:3000/conferme:0
[  599358ms] [ERROR] TypeError: Failed to fetch
    at fetchServerAction (http://localhost:3000/_next/static/chunks/node_modules_next_dist_client_17643121._.js:8817:23) @ http://localhost:3000/_next/static/chunks/node_modules_next_dist_f3530cac._.js:3127
[  601974ms] [ERROR] Failed to load resource: net::ERR_CONNECTION_REFUSED @ http://localhost:3000/conferme:0
[  601974ms] [ERROR] TypeError: Failed to fetch
    at fetchServerAction (http://localhost:3000/_next/static/chunks/node_modules_next_dist_client_17643121._.js:8817:23) @ http://localhost:3000/_next/static/chunks/node_modules_next_dist_f3530cac._.js:3127
[  602214ms] [ERROR] Failed to load resource: net::ERR_CONNECTION_REFUSED @ http://localhost:3000/conferme:0
[  604319ms] [ERROR] Failed to load resource: net::ERR_CONNECTION_REFUSED @ http://localhost:3000/conferme:0
[  604562ms] [ERROR] Failed to load resource: net::ERR_CONNECTION_REFUSED @ http://localhost:3000/conferme:0
[  606299ms] [ERROR] WebSocket connection to 'ws://localhost:3000/_next/webpack-hmr?id=EblpdxNbuNz_odN-S3Bz9' failed: Error in connection establishment: net::ERR_CONNECTION_REFUSED @ http://localhost:3000/_next/static/chunks/node_modules_next_dist_client_17643121._.js:10878
[  612652ms] [ERROR] Failed to load resource: net::ERR_CONNECTION_REFUSED @ http://localhost:3000/conferme:0
[  612656ms] [ERROR] TypeError: Failed to fetch
    at fetchServerAction (http://localhost:3000/_next/static/chunks/node_modules_next_dist_client_17643121._.js:8817:23) @ http://localhost:3000/_next/static/chunks/node_modules_next_dist_f3530cac._.js:3127
[  613734ms] [ERROR] WebSocket connection to 'ws://localhost:3000/_next/webpack-hmr?id=EblpdxNbuNz_odN-S3Bz9' failed: Error in connection establishment: net::ERR_CONNECTION_REFUSED @ http://localhost:3000/_next/static/chunks/node_modules_next_dist_client_17643121._.js:10878
[  621197ms] [ERROR] WebSocket connection to 'ws://localhost:3000/_next/webpack-hmr?id=EblpdxNbuNz_odN-S3Bz9' failed: Error in connection establishment: net::ERR_CONNECTION_REFUSED @ http://localhost:3000/_next/static/chunks/node_modules_next_dist_client_17643121._.js:10878
